###############################################################################
#
# IAR ELF Linker V7.80.4.12462/W32 for ARM                12/Apr/2019  11:09:07
# Copyright 2007-2017 IAR Systems AB.
#
#    Output file  =  
#        C:\ti\simplelink\ble_sdk_2_02_01_18\examples\cc2650iot\gait_sensor_master_V1.0\iar\stack\FlashROM\Exe\multi_role_cc2650lp_stack.out
#    Map file     =  
#        C:\ti\simplelink\ble_sdk_2_02_01_18\examples\cc2650iot\gait_sensor_master_V1.0\iar\stack\FlashROM\List\multi_role_cc2650lp_stack.map
#    Command line =  
#        C:\ti\simplelink\ble_sdk_2_02_01_18\examples\cc2650iot\gait_sensor_master_V1.0\iar\stack\FlashROM\Obj\ble_dispatch.o
#        C:\ti\simplelink\ble_sdk_2_02_01_18\examples\cc2650iot\gait_sensor_master_V1.0\iar\stack\FlashROM\Obj\ble_user_config.o
#        C:\ti\simplelink\ble_sdk_2_02_01_18\examples\cc2650iot\gait_sensor_master_V1.0\iar\stack\FlashROM\Obj\gap.o
#        C:\ti\simplelink\ble_sdk_2_02_01_18\examples\cc2650iot\gait_sensor_master_V1.0\iar\stack\FlashROM\Obj\gapbondmgr.o
#        C:\ti\simplelink\ble_sdk_2_02_01_18\examples\cc2650iot\gait_sensor_master_V1.0\iar\stack\FlashROM\Obj\gattservapp_util.o
#        C:\ti\simplelink\ble_sdk_2_02_01_18\examples\cc2650iot\gait_sensor_master_V1.0\iar\stack\FlashROM\Obj\hal_assert.o
#        C:\ti\simplelink\ble_sdk_2_02_01_18\examples\cc2650iot\gait_sensor_master_V1.0\iar\stack\FlashROM\Obj\hal_flash_wrapper.o
#        C:\ti\simplelink\ble_sdk_2_02_01_18\examples\cc2650iot\gait_sensor_master_V1.0\iar\stack\FlashROM\Obj\hal_rtc_wrapper.o
#        C:\ti\simplelink\ble_sdk_2_02_01_18\examples\cc2650iot\gait_sensor_master_V1.0\iar\stack\FlashROM\Obj\hal_trng_wrapper.o
#        C:\ti\simplelink\ble_sdk_2_02_01_18\examples\cc2650iot\gait_sensor_master_V1.0\iar\stack\FlashROM\Obj\icall_startup.o
#        C:\ti\simplelink\ble_sdk_2_02_01_18\examples\cc2650iot\gait_sensor_master_V1.0\iar\stack\FlashROM\Obj\npi.o
#        C:\ti\simplelink\ble_sdk_2_02_01_18\examples\cc2650iot\gait_sensor_master_V1.0\iar\stack\FlashROM\Obj\onboard.o
#        C:\ti\simplelink\ble_sdk_2_02_01_18\examples\cc2650iot\gait_sensor_master_V1.0\iar\stack\FlashROM\Obj\osal.o
#        C:\ti\simplelink\ble_sdk_2_02_01_18\examples\cc2650iot\gait_sensor_master_V1.0\iar\stack\FlashROM\Obj\osal_bufmgr.o
#        C:\ti\simplelink\ble_sdk_2_02_01_18\examples\cc2650iot\gait_sensor_master_V1.0\iar\stack\FlashROM\Obj\osal_cbtimer.o
#        C:\ti\simplelink\ble_sdk_2_02_01_18\examples\cc2650iot\gait_sensor_master_V1.0\iar\stack\FlashROM\Obj\osal_clock.o
#        C:\ti\simplelink\ble_sdk_2_02_01_18\examples\cc2650iot\gait_sensor_master_V1.0\iar\stack\FlashROM\Obj\osal_icall_ble.o
#        C:\ti\simplelink\ble_sdk_2_02_01_18\examples\cc2650iot\gait_sensor_master_V1.0\iar\stack\FlashROM\Obj\osal_memory_icall.o
#        C:\ti\simplelink\ble_sdk_2_02_01_18\examples\cc2650iot\gait_sensor_master_V1.0\iar\stack\FlashROM\Obj\osal_pwrmgr.o
#        C:\ti\simplelink\ble_sdk_2_02_01_18\examples\cc2650iot\gait_sensor_master_V1.0\iar\stack\FlashROM\Obj\osal_snv_wrapper.o
#        C:\ti\simplelink\ble_sdk_2_02_01_18\examples\cc2650iot\gait_sensor_master_V1.0\iar\stack\FlashROM\Obj\osal_timers.o
#        C:\ti\simplelink\ble_sdk_2_02_01_18\examples\cc2650iot\gait_sensor_master_V1.0\iar\stack\FlashROM\Obj\rom_jt.o
#        C:\ti\simplelink\ble_sdk_2_02_01_18\examples\cc2650iot\gait_sensor_master_V1.0\iar\stack\FlashROM\Obj\sm_ecc.o
#        -o
#        C:\ti\simplelink\ble_sdk_2_02_01_18\examples\cc2650iot\gait_sensor_master_V1.0\iar\stack\FlashROM\Exe\multi_role_cc2650lp_stack.out
#        --config_def FLASH_ROM_BUILD=1 --config_def CC2650=1 --map
#        C:\ti\simplelink\ble_sdk_2_02_01_18\examples\cc2650iot\gait_sensor_master_V1.0\iar\stack\FlashROM\List\multi_role_cc2650lp_stack.map
#        --config
#        C:\ti\simplelink\ble_sdk_2_02_01_18\src/common/cc26xx/iar/cc26xx_stack.icf
#        -f
#        C:\ti\simplelink\ble_sdk_2_02_01_18\examples\cc2650iot\gait_sensor_master_V1.0\iar\stack/../config/lib_linker.cmd
#        (C:\ti\simplelink\ble_sdk_2_02_01_18\blelib\host\host_pcxx.a
#        C:\ti\simplelink\ble_sdk_2_02_01_18\blelib\ctrl\cc2640\cc2640_ctrl_pcxx_41c.a
#        C:\ti\simplelink\ble_sdk_2_02_01_18\blelib\hci_tl\cc26xx\cc26xx_hci_tl_none_v41.a)
#        --semihosting
#        C:\ti\simplelink\ble_sdk_2_02_01_18\src\rom/ble_rom_releases/04242014/ble_rom_patch.symbols
#        C:\ti\tirtos_cc13xx_cc26xx_2_20_01_08\products\cc26xxware_2_24_02_17393\driverlib\bin\iar\driverlib.lib
#        --entry startup_entry --vfe
#
###############################################################################

*******************************************************************************
*** RUNTIME MODEL ATTRIBUTES
***

CppFlavor       = *
__SystemLibrary = DLib


*******************************************************************************
*** RESERVED RANGES
***

Ranges reserved by absolute symbols:
   [0x10005000-0x10005003]
   [0x10005004-0x1000dffb]
   [0x1000dffc-0x1000dffd]
   [0x1000dffe-0x1000dfff]
   [0x10016975-0x10016976]
   [0x10016979-0x10016984]
   [0x10016985-0x10016a98]
   [0x10016a99-0x10016ae6]
   [0x10016af5-0x10016b56]
   [0x10016b79-0x10016c28]
   [0x10016c29-0x10016c42]
   [0x10016c45-0x10016c76]
   [0x10016c79-0x10016d02]
   [0x10016d05-0x10016d26]
   [0x10016d29-0x10016da0]
   [0x10016da1-0x10016dc6]
   [0x10016dc9-0x10016e8c]
   [0x10016e8d-0x10016ea0]
   [0x10016ea1-0x10016ed2]
   [0x10016ed5-0x10016f44]
   [0x10017365-0x100174ba]
   [0x100174fd-0x100175d0]
   [0x100175ed-0x10017674]
   [0x1001767d-0x10017754]
   [0x10017771-0x100177fa]
   [0x10017839-0x10017894]
   [0x10017895-0x100178f2]
   [0x100178f5-0x1001794e]
   [0x10018315-0x1001833a]
   [0x1001833d-0x10018366]
   [0x10018369-0x1001838e]
   [0x10018391-0x100183b6]
   [0x100183b9-0x100183c4]
   [0x10018485-0x100184a6]
   [0x100184a9-0x100184c2]
   [0x100184c5-0x100184cc]
   [0x100184cd-0x100184d0]
   [0x100184d1-0x100184d4]
   [0x100184d5-0x100184f8]
   [0x100184f9-0x10018546]
   [0x10018549-0x10018550]
   [0x10018551-0x100185e0]
   [0x100185e1-0x1001865c]
   [0x10018669-0x100186f6]
   [0x10018a19-0x10018a32]
   [0x10018a35-0x10018a4c]
   [0x10018a99-0x10018ac2]
   [0x10018ac5-0x10018aee]
   [0x10018b09-0x10018b0c]
   [0x200048e8-0x200048fb]
   [0x200048fc-0x20004f2b]
   [0x20004fac-0x20004fcb]
   [0x20004fcc-0x20004fd7]


*******************************************************************************
*** PLACEMENT SUMMARY
***

"A0":  place at end of [0x00000000-0x0001efff] { block ROSTK };
"A1":  place at end of [0x20000000-0x200048e7] { block RWDATA };
initialize by copy with packing = packbits { rw };

  Section                Kind        Address     Size  Object
  -------                ----        -------     ----  ------
"A0":                                         0x12dd0
  ROSTK                           0x0000c230  0x12dd0  <Block>
    ENTRY                         0x0000c230     0x30  <Block>
      EntrySection       ro code  0x0000c230     0x30  icall_startup.o [1]
    ROCODE                        0x0000c260  0x11d5b  <Block>
      .rodata            const    0x0000c260     0x25  osal_icall_ble.o [1]
      .rodata            const    0x0000c286      0x2  ll_patch.o [4]
      .rodata            const    0x0000c288      0x8  gattservapp.o [8]
      .rodata            const    0x0000c290      0x8  gapgattserver.o [8]
      .rodata            const    0x0000c298     0x5c  ll_config.o [4]
      Veneer             ro code  0x0000c2f4      0x8  - Linker created -
      Veneer             ro code  0x0000c2fc      0x8  - Linker created -
      Veneer             ro code  0x0000c304      0x8  - Linker created -
      Veneer             ro code  0x0000c30c      0x8  - Linker created -
      Veneer             ro code  0x0000c314      0x8  - Linker created -
      Veneer             ro code  0x0000c31c      0x8  - Linker created -
      Veneer             ro code  0x0000c324      0x8  - Linker created -
      Veneer             ro code  0x0000c32c      0x8  - Linker created -
      Veneer             ro code  0x0000c334      0x8  - Linker created -
      Veneer             ro code  0x0000c33c      0x8  - Linker created -
      Veneer             ro code  0x0000c344      0x8  - Linker created -
      Veneer             ro code  0x0000c34c      0x8  - Linker created -
      Veneer             ro code  0x0000c354      0x8  - Linker created -
      Veneer             ro code  0x0000c35c      0x8  - Linker created -
      Veneer             ro code  0x0000c364      0x8  - Linker created -
      Veneer             ro code  0x0000c36c      0x8  - Linker created -
      Veneer             ro code  0x0000c374      0x8  - Linker created -
      Veneer             ro code  0x0000c37c      0x8  - Linker created -
      Veneer             ro code  0x0000c384      0x8  - Linker created -
      Veneer             ro code  0x0000c38c      0x8  - Linker created -
      Veneer             ro code  0x0000c394      0x8  - Linker created -
      Veneer             ro code  0x0000c39c      0x8  - Linker created -
      Veneer             ro code  0x0000c3a4      0x8  - Linker created -
      Veneer             ro code  0x0000c3ac      0x8  - Linker created -
      Veneer             ro code  0x0000c3b4      0x8  - Linker created -
      Veneer             ro code  0x0000c3bc      0x8  - Linker created -
      Veneer             ro code  0x0000c3c4      0x8  - Linker created -
      Veneer             ro code  0x0000c3cc      0x8  - Linker created -
      Veneer             ro code  0x0000c3d4      0x8  - Linker created -
      Veneer             ro code  0x0000c3dc      0x8  - Linker created -
      Veneer             ro code  0x0000c3e4      0x8  - Linker created -
      Veneer             ro code  0x0000c3ec      0x8  - Linker created -
      Veneer             ro code  0x0000c3f4      0x8  - Linker created -
      Veneer             ro code  0x0000c3fc      0x8  - Linker created -
      Veneer             ro code  0x0000c404      0x8  - Linker created -
      Veneer             ro code  0x0000c40c      0x8  - Linker created -
      .text              ro code  0x0000c414    0xa48  ble_dispatch.o [1]
      .text              ro code  0x0000ce5c    0x6b0  osal.o [1]
      Veneer             ro code  0x0000d50c      0x8  - Linker created -
      Veneer             ro code  0x0000d514      0x8  - Linker created -
      Veneer             ro code  0x0000d51c      0x8  - Linker created -
      .text              ro code  0x0000d524    0x162  l2cap_if.o [8]
      .text              ro code  0x0000d688    0x1a4  att_client.o [8]
      .text              ro code  0x0000d82c    0x1ec  att_server.o [8]
      Veneer             ro code  0x0000da18      0x8  - Linker created -
      Veneer             ro code  0x0000da20      0x8  - Linker created -
      Veneer             ro code  0x0000da28      0x8  - Linker created -
      Veneer             ro code  0x0000da30      0x8  - Linker created -
      .text              ro code  0x0000da38    0x378  hci_patch.o [4]
      .text              ro code  0x0000ddb0    0x450  osal_snv_wrapper.o [1]
      Veneer             ro code  0x0000e200      0x8  - Linker created -
      .text              ro code  0x0000e208     0x14  onboard.o [1]
      .text              ro code  0x0000e21c    0xaa0  gatt_server.o [8]
      .text              ro code  0x0000ecbc    0x2f6  gatt_task.o [8]
      Veneer             ro code  0x0000efb4      0x8  - Linker created -
      Veneer             ro code  0x0000efbc      0x8  - Linker created -
      .text              ro code  0x0000efc4    0x5d6  l2cap_util.o [8]
      .text              ro code  0x0000f59c     0xcc  osal_bufmgr.o [1]
      .text              ro code  0x0000f668    0xd34  gatt_client.o [8]
      .text              ro code  0x0001039c    0xf88  gattservapp.o [8]
      .text              ro code  0x00011324     0x5c  gap.o [1]
      Veneer             ro code  0x00011380      0x8  - Linker created -
      Veneer             ro code  0x00011388      0x8  - Linker created -
      .text              ro code  0x00011390    0x544  gap_centdevmgr.o [8]
      Veneer             ro code  0x000118d4      0x8  - Linker created -
      Veneer             ro code  0x000118dc      0x8  - Linker created -
      .text              ro code  0x000118e4    0x24a  gap_centlinkmgr.o [8]
      Veneer             ro code  0x00011b30      0x8  - Linker created -
      Veneer             ro code  0x00011b38      0x8  - Linker created -
      Veneer             ro code  0x00011b40      0x8  - Linker created -
      Veneer             ro code  0x00011b48      0x8  - Linker created -
      .text              ro code  0x00011b50    0x610  gap_peridevmgr.o [8]
      Veneer             ro code  0x00012160      0x8  - Linker created -
      Veneer             ro code  0x00012168      0x8  - Linker created -
      .text              ro code  0x00012170    0x348  gap_configmgr.o [8]
      Veneer             ro code  0x000124b8      0x8  - Linker created -
      .text              ro code  0x000124c0    0x9bc  gap_linkmgr.o [8]
      .text              ro code  0x00012e7c     0xb0  gap_devmgr.o [8]
      .text              ro code  0x00012f2c    0x110  gap_perilinkmgr.o [8]
      .text              ro code  0x0001303c    0x2c0  linkdb.o [8]
      .text              ro code  0x000132fc    0x2e0  gap_task.o [8]
      .text              ro code  0x000135dc    0x314  gapgattserver.o [8]
      .text              ro code  0x000138f0     0x30  hal_assert.o [1]
      .text              ro code  0x00013920     0x36  strlen.o [9]
      .text              ro code  0x00013958     0x40  osal_memory_icall.o [1]
      .text              ro code  0x00013998     0x66  ABImemset.o [9]
      .text              ro code  0x00013a00    0x298  osal_timers.o [1]
      .text              ro code  0x00013c98     0xa0  osal_pwrmgr.o [1]
      .text              ro code  0x00013d38    0x110  osal_icall_ble.o [1]
      .text              ro code  0x00013e48    0x57c  att_util.o [8]
      Veneer             ro code  0x000143c4      0x8  - Linker created -
      Veneer             ro code  0x000143cc      0x8  - Linker created -
      Veneer             ro code  0x000143d4      0x8  - Linker created -
      Veneer             ro code  0x000143dc      0x8  - Linker created -
      Veneer             ro code  0x000143e4      0x8  - Linker created -
      Veneer             ro code  0x000143ec      0x8  - Linker created -
      Veneer             ro code  0x000143f4      0x8  - Linker created -
      Veneer             ro code  0x000143fc      0x8  - Linker created -
      Veneer             ro code  0x00014404      0x8  - Linker created -
      Veneer             ro code  0x0001440c      0x8  - Linker created -
      Veneer             ro code  0x00014414      0x8  - Linker created -
      Veneer             ro code  0x0001441c      0x8  - Linker created -
      Veneer             ro code  0x00014424      0x8  - Linker created -
      Veneer             ro code  0x0001442c      0x8  - Linker created -
      Veneer             ro code  0x00014434      0x8  - Linker created -
      Veneer             ro code  0x0001443c      0x8  - Linker created -
      Veneer             ro code  0x00014444      0x8  - Linker created -
      Veneer             ro code  0x0001444c      0x8  - Linker created -
      Veneer             ro code  0x00014454      0x8  - Linker created -
      Veneer             ro code  0x0001445c      0x8  - Linker created -
      Veneer             ro code  0x00014464      0x8  - Linker created -
      Veneer             ro code  0x0001446c      0x8  - Linker created -
      Veneer             ro code  0x00014474      0x8  - Linker created -
      Veneer             ro code  0x0001447c      0x8  - Linker created -
      Veneer             ro code  0x00014484      0x8  - Linker created -
      .text              ro code  0x0001448c   0x1fb4  ll_patch.o [4]
      Veneer             ro code  0x00016440      0x8  - Linker created -
      .text              ro code  0x00016448    0x5f4  hci_event_patch.o [4]
      .text              ro code  0x00016a3c     0x58  hal_flash_wrapper.o [1]
      .text              ro code  0x00016a94     0x2c  flash.o [7]
      .text              ro code  0x00016ac0     0x76  ABImemcpy_unaligned.o [9]
      .text              ro code  0x00016b38     0x62  memcmp_unaligned.o [9]
      .text              ro code  0x00016b9c      0xe  vims.o [7]
      .text              ro code  0x00016bac    0x1f8  osal_cbtimer.o [1]
      .text              ro code  0x00016da4     0x6c  gattservapp_util.o [1]
      Veneer             ro code  0x00016e10      0x8  - Linker created -
      .text              ro code  0x00016e18    0x550  sm_intpairing.o [8]
      Veneer             ro code  0x00017368      0x8  - Linker created -
      Veneer             ro code  0x00017370      0x8  - Linker created -
      .text              ro code  0x00017378    0x570  sm_rsppairing.o [8]
      .text              ro code  0x000178e8    0x7e4  sm_pairing.o [8]
      Veneer             ro code  0x000180cc      0x8  - Linker created -
      .text              ro code  0x000180d4    0x628  sm_mgr.o [8]
      .text              ro code  0x000186fc    0x39c  smp.o [8]
      .text              ro code  0x00018a98     0x6c  hci_tl.o [5]
      .text              ro code  0x00018b04     0xee  I64DivMod.o [9]
      .text              ro code  0x00018bf4     0x60  osal_clock.o [1]
      .text              ro code  0x00018c54    0x2ac  l2cap_task.o [8]
      .text              ro code  0x00018f00     0xe8  sm_task.o [8]
      .text              ro code  0x00018fe8     0x74  ble_user_config.o [1]
      .text              ro code  0x0001905c     0x60  hal_trng_wrapper.o [1]
      Veneer             ro code  0x000190bc      0x8  - Linker created -
      Veneer             ro code  0x000190c4      0x8  - Linker created -
      Veneer             ro code  0x000190cc      0x8  - Linker created -
      Veneer             ro code  0x000190d4      0x8  - Linker created -
      Veneer             ro code  0x000190dc      0x8  - Linker created -
      Veneer             ro code  0x000190e4      0x8  - Linker created -
      Veneer             ro code  0x000190ec      0x8  - Linker created -
      Veneer             ro code  0x000190f4      0x8  - Linker created -
      Veneer             ro code  0x000190fc      0x8  - Linker created -
      Veneer             ro code  0x00019104      0x8  - Linker created -
      Veneer             ro code  0x0001910c      0x8  - Linker created -
      Veneer             ro code  0x00019114      0x8  - Linker created -
      .text              ro code  0x0001911c   0x1490  ll_common_patch.o [4]
      .text              ro code  0x0001a5ac    0x1a8  ll_scheduler_patch.o [4]
      .text              ro code  0x0001a754     0x10  ll_rat_patch.o [4]
      .text              ro code  0x0001a764      0x2  I64DivZer.o [9]
      .text              ro code  0x0001a768     0x30  trng.o [7]
      .text              ro code  0x0001a798      0x6  ABImemclr.o [9]
      .text              ro code  0x0001a7a0     0x46  ll_sleep.o [4]
      Veneer             ro code  0x0001a7e8      0x8  - Linker created -
      Veneer             ro code  0x0001a7f0      0x8  - Linker created -
      Veneer             ro code  0x0001a7f8      0x8  - Linker created -
      Veneer             ro code  0x0001a800      0x8  - Linker created -
      Veneer             ro code  0x0001a808      0x8  - Linker created -
      Veneer             ro code  0x0001a810      0x8  - Linker created -
      Veneer             ro code  0x0001a818      0x8  - Linker created -
      .text              ro code  0x0001a820    0xa70  ble_patch.o [4]
      Veneer             ro code  0x0001b290      0x8  - Linker created -
      Veneer             ro code  0x0001b298      0x8  - Linker created -
      Veneer             ro code  0x0001b2a0      0x8  - Linker created -
      Veneer             ro code  0x0001b2a8      0x8  - Linker created -
      .text              ro code  0x0001b2b0    0x14c  ll_enc_patch.o [4]
      Veneer             ro code  0x0001b3fc      0x8  - Linker created -
      .text              ro code  0x0001b404     0xa8  hci_data_patch.o [4]
      Veneer             ro code  0x0001b4ac      0x8  - Linker created -
      .text              ro code  0x0001b4b4     0xae  ll_wl_patch.o [4]
      .text              ro code  0x0001b564    0x760  rom_jt.o [1]
      .text              ro code  0x0001bcc4     0x10  cpu.o [7]
      .text              ro code  0x0001bcd4     0x28  gatt_uuid.o [8]
      .text              ro code  0x0001bcfc     0xbc  interrupt.o [7]
      Veneer             ro code  0x0001bdb8      0x8  - Linker created -
      Veneer             ro code  0x0001bdc0      0x8  - Linker created -
      .text              ro code  0x0001bdc8    0x546  ll_adv_end_causes_patch.o [4]
      .text              ro code  0x0001c310    0x328  ll_init_end_causes_patch.o [4]
      Veneer             ro code  0x0001c638      0x8  - Linker created -
      Veneer             ro code  0x0001c640      0x8  - Linker created -
      Veneer             ro code  0x0001c648      0x8  - Linker created -
      Veneer             ro code  0x0001c650      0x8  - Linker created -
      Veneer             ro code  0x0001c658      0x8  - Linker created -
      Veneer             ro code  0x0001c660      0x8  - Linker created -
      Veneer             ro code  0x0001c668      0x8  - Linker created -
      .text              ro code  0x0001c670    0x6aa  ll_master_end_causes_patch.o [4]
      Veneer             ro code  0x0001cd1c      0x8  - Linker created -
      Veneer             ro code  0x0001cd24      0x8  - Linker created -
      Veneer             ro code  0x0001cd2c      0x8  - Linker created -
      Veneer             ro code  0x0001cd34      0x8  - Linker created -
      .text              ro code  0x0001cd3c     0xe8  ll_scan_end_causes_patch.o [4]
      Veneer             ro code  0x0001ce24      0x8  - Linker created -
      Veneer             ro code  0x0001ce2c      0x8  - Linker created -
      Veneer             ro code  0x0001ce34      0x8  - Linker created -
      Veneer             ro code  0x0001ce3c      0x8  - Linker created -
      .text              ro code  0x0001ce44    0x946  ll_slave_end_causes_patch.o [4]
      .text              ro code  0x0001d78c    0x574  ll_isr.o [4]
      .text              ro code  0x0001dd00     0x28  data_init.o [9]
      Veneer             ro code  0x0001dd28      0x8  - Linker created -
      Veneer             ro code  0x0001dd30      0x8  - Linker created -
      Veneer             ro code  0x0001dd38      0x8  - Linker created -
      Veneer             ro code  0x0001dd40      0x8  - Linker created -
      Veneer             ro code  0x0001dd48      0x8  - Linker created -
      Veneer             ro code  0x0001dd50      0x8  - Linker created -
      Veneer             ro code  0x0001dd58      0x8  - Linker created -
      .text              ro code  0x0001dd60     0x42  ll_access_address_patch.o [4]
      .text              ro code  0x0001dda2     0x40  zero_init3.o [9]
      .text              ro code  0x0001dde2     0x38  packbits_init_single.o [9]
      .iar.init_table    const    0x0001de1c     0x20  - Linker created -
      .rodata            const    0x0001de3c      0x0  zero_init3.o [9]
      .rodata            const    0x0001de3c      0x0  packbits_init_single.o [9]
      Initializer bytes  const    0x0001de3c    0x17f  <for RWDATA-1>
    SNVSECT                       0x0001e000   0x1000  <Block>
      .snvSectors        const    0x0001e000   0x1000  osal_snv_wrapper.o [1]
                                - 0x0001f000  0x12dd0

"A1":                                           0x520
  RWDATA                          0x200043c8    0x520  <Block>
    RWDATA-1                      0x200043c8    0x38d  <Init block>
      .data              inited   0x200043c8    0x100  ll_patch.o [4]
      .data              inited   0x200044c8      0x8  hal_assert.o [1]
      .data              inited   0x200044d0     0x24  osal.o [1]
      .data              inited   0x200044f4     0x7c  osal_cbtimer.o [1]
      .data              inited   0x20004570     0x1c  gap_linkmgr.o [8]
      .data              inited   0x2000458c     0x2c  gap_configmgr.o [8]
      .data              inited   0x200045b8     0x50  gap_configmgr.o [8]
      .data              inited   0x20004608     0x10  gap_centdevmgr.o [8]
      .data              inited   0x20004618     0x1c  gap_peridevmgr.o [8]
      .data              inited   0x20004634      0x8  gap_centlinkmgr.o [8]
      .data              inited   0x2000463c      0xc  gap_task.o [8]
      .data              inited   0x20004648      0x4  gap_perilinkmgr.o [8]
      .data              inited   0x2000464c     0x10  gattservapp.o [8]
      .data              inited   0x2000465c      0x8  gatt_server.o [8]
      .data              inited   0x20004664     0x24  gapgattserver.o [8]
      .data              inited   0x20004688     0x70  gapgattserver.o [8]
      .data              inited   0x200046f8     0x20  ll_config.o [4]
      .data              inited   0x20004718      0xc  sm_intpairing.o [8]
      .data              inited   0x20004724     0x10  sm_rsppairing.o [8]
      .data              inited   0x20004734      0x8  l2cap_task.o [8]
      .data              inited   0x2000473c      0xc  ll_common_patch.o [4]
      .data              inited   0x20004748      0x4  osal_snv_wrapper.o [1]
      .data              inited   0x2000474c      0x2  l2cap_task.o [8]
      .data              inited   0x2000474e      0x1  gattservapp.o [8]
      .data              inited   0x2000474f      0x1  gatt_task.o [8]
      .data              inited   0x20004750      0x1  gatt_client.o [8]
      .data              inited   0x20004751      0x1  gatt_server.o [8]
      .data              inited   0x20004752      0x1  gapgattserver.o [8]
      .data              inited   0x20004753      0x1  gapgattserver.o [8]
      .data              inited   0x20004754      0x1  gapgattserver.o [8]
    .bss                 zero     0x20004758      0x8  ll_patch.o [4]
    .bss                 zero     0x20004760     0x38  ble_dispatch.o [1]
    .bss                 zero     0x20004798      0x4  hal_trng_wrapper.o [1]
    .bss                 zero     0x2000479c      0xc  icall_startup.o [1]
    .bss                 zero     0x200047a8      0x4  osal_bufmgr.o [1]
    .bss                 zero     0x200047ac      0x8  osal_clock.o [1]
    .bss                 zero     0x200047b4      0x4  osal_icall_ble.o [1]
    .bss                 zero     0x200047b8      0x8  osal_pwrmgr.o [1]
    .bss                 zero     0x200047c0      0xc  osal_timers.o [1]
    .bss                 zero     0x200047cc      0x4  att_server.o [8]
    .bss                 zero     0x200047d0      0x4  att_client.o [8]
    .bss                 zero     0x200047d4      0x4  gap_linkmgr.o [8]
    .bss                 zero     0x200047d8      0x4  gap_task.o [8]
    .bss                 zero     0x200047dc      0x4  gap_devmgr.o [8]
    .bss                 zero     0x200047e0      0x4  gap_devmgr.o [8]
    .bss                 zero     0x200047e4     0x24  gattservapp.o [8]
    .bss                 zero     0x20004808      0x4  gattservapp.o [8]
    .bss                 zero     0x2000480c      0x8  gatt_task.o [8]
    .bss                 zero     0x20004814      0x4  gatt_client.o [8]
    .bss                 zero     0x20004818      0x4  gatt_server.o [8]
    .bss                 zero     0x2000481c      0x4  gapgattserver.o [8]
    .bss                 zero     0x20004820     0x38  linkdb.o [8]
    .bss                 zero     0x20004858     0x30  l2cap_task.o [8]
    .bss                 zero     0x20004888     0x10  hci_event_patch.o [4]
    .bss                 zero     0x20004898      0x4  ble_patch.o [4]
    .bss                 zero     0x2000489c      0x4  ble_patch.o [4]
    .bss                 zero     0x200048a0     0x28  ll_scan_end_causes_patch.o [4]
    .bss                 zero     0x200048c8      0xc  sm_pairing.o [8]
    .bss                 zero     0x200048d4      0x2  ll_slave_end_causes_patch.o [4]
    .bss                 zero     0x200048d6      0x1  ble_dispatch.o [1]
    .bss                 zero     0x200048d7      0x1  osal.o [1]
    .bss                 zero     0x200048d8      0x1  gap_devmgr.o [8]
    .bss                 zero     0x200048d9      0x2  gatt_task.o [8]
    .bss                 zero     0x200048db      0x1  l2cap_if.o [8]
    .bss                 zero     0x200048dc      0x1  l2cap_util.o [8]
    .bss                 zero     0x200048dd      0x6  hci_tl.o [5]
    .bss                 zero     0x200048e3      0x1  sm_task.o [8]
    .bss                 zero     0x200048e4      0x1  ll_common_patch.o [4]
                                - 0x200048e8    0x520


*******************************************************************************
*** INIT TABLE
***

          Address     Size
          -------     ----
Zero (__iar_zero_init3)
    1 destination range, total size 0x18d:
          0x20004758  0x18d

Copy/packbits (__iar_packbits_init_single3)
    1 source range, total size 0x17f (42% of destination):
          0x0001de3c  0x17f
    1 destination range, total size 0x38d:
          0x200043c8  0x38d



*******************************************************************************
*** MODULE SUMMARY
***

    Module                        ro code  ro data  rw data
    ------                        -------  -------  -------
C:\ti\simplelink\ble_sdk_2_02_01_18\examples\cc2650iot\gait_sensor_master_V1.0\iar\stack\FlashROM\Obj: [1]
    ble_dispatch.o                  2 632                57
    ble_user_config.o                 116
    gap.o                              92
    gattservapp_util.o                108
    hal_assert.o                       48        4        8
    hal_flash_wrapper.o                88
    hal_trng_wrapper.o                 96                 4
    icall_startup.o                    48                12
    onboard.o                          20
    osal.o                          1 712       15       37
    osal_bufmgr.o                     204                 4
    osal_cbtimer.o                    504       52      124
    osal_clock.o                       96                 8
    osal_icall_ble.o                  272       37        4
    osal_memory_icall.o                64
    osal_pwrmgr.o                     160                 8
    osal_snv_wrapper.o              1 104    4 098        4
    osal_timers.o                     664                12
    rom_jt.o                        1 888
    -------------------------------------------------------
    Total:                          9 916    4 206      282

C:\ti\simplelink\ble_sdk_2_02_01_18\src\rom\ble_rom_releases\04242014: [2]
    -------------------------------------------------------
    Total:

command line: [3]
    -------------------------------------------------------
    Total:

cc2640_ctrl_pcxx_41c.a: [4]
    ble_patch.o                     2 672                 8
    hci_data_patch.o                  168
    hci_event_patch.o               1 524                16
    hci_patch.o                       888
    ll_access_address_patch.o          66
    ll_adv_end_causes_patch.o       1 350
    ll_common_patch.o               5 264        5       13
    ll_config.o                                106       32
    ll_enc_patch.o                    332
    ll_init_end_causes_patch.o        808
    ll_isr.o                        1 396
    ll_master_end_causes_patch.o    1 706
    ll_patch.o                      8 116      109      264
    ll_rat_patch.o                     16
    ll_scan_end_causes_patch.o        232                40
    ll_scheduler_patch.o              424
    ll_slave_end_causes_patch.o     2 374                 2
    ll_sleep.o                         70
    ll_wl_patch.o                     174
    -------------------------------------------------------
    Total:                         27 580      220      375

cc26xx_hci_tl_none_v41.a: [5]
    hci_tl.o                          108                 6
    -------------------------------------------------------
    Total:                            108                 6

dl7M_tln.a: [6]
    -------------------------------------------------------
    Total:

driverlib.lib: [7]
    cpu.o                              16
    flash.o                            44
    interrupt.o                       188
    trng.o                             48
    vims.o                             14
    -------------------------------------------------------
    Total:                            310

host_pcxx.a: [8]
    att_client.o                      420                 4
    att_server.o                      492                 4
    att_util.o                      1 404
    gap_centdevmgr.o                1 348        7       16
    gap_centlinkmgr.o                 586        3        8
    gap_configmgr.o                   840       52      124
    gap_devmgr.o                      176                 9
    gap_linkmgr.o                   2 492       12       32
    gap_peridevmgr.o                1 552       12       28
    gap_perilinkmgr.o                 272        2        4
    gap_task.o                        736        5       16
    gapgattserver.o                   788       72      155
    gatt_client.o                   3 380        1        5
    gatt_server.o                   2 720        3       13
    gatt_task.o                       758                11
    gatt_uuid.o                        40
    gattservapp.o                   3 976       15       57
    l2cap_if.o                        354                 1
    l2cap_task.o                      684        4       58
    l2cap_util.o                    1 494                 1
    linkdb.o                          704                56
    sm_intpairing.o                 1 360        5       12
    sm_mgr.o                        1 576
    sm_pairing.o                    2 020                12
    sm_rsppairing.o                 1 392        7       16
    sm_task.o                         232                 1
    smp.o                             924
    -------------------------------------------------------
    Total:                         32 720      200      643

rt7M_tl.a: [9]
    ABImemclr.o                         6
    ABImemcpy_unaligned.o             118
    ABImemset.o                       102
    I64DivMod.o                       238
    I64DivZer.o                         2
    data_init.o                        40
    memcmp_unaligned.o                 98
    packbits_init_single.o             56
    strlen.o                           54
    zero_init3.o                       64
    -------------------------------------------------------
    Total:                            778

    Gaps                               34        3        3
    Linker created                  1 088       32
-----------------------------------------------------------
    Grand Total:                   72 534    4 661    1 309


*******************************************************************************
*** ENTRY LIST
***

Entry                      Address    Size  Type      Object
-----                      -------    ----  ----      ------
.iar.init_table$$Base   0x0001de1c           --   Gb  - Linker created -
.iar.init_table$$Limit  0x0001de3c           --   Gb  - Linker created -
A1_rw_1 {Abs}           0x10005000     0x4   --   Gb  ble_rom_patch.symbols [2]
A2_rw_1 {Abs}           0x1000dffe     0x2   --   Gb  ble_rom_patch.symbols [2]
A3_rw_1 {Abs}           0x1000dffc     0x2   --   Gb  ble_rom_patch.symbols [2]
A4_rw_1 {Abs}           0x200048e8    0x14   --   Gb  ble_rom_patch.symbols [2]
ATT_BuildErrorRsp       0x00013ea3    0x12  Code  Gb  att_util.o [8]
ATT_BuildExchangeMTUReq
                        0x00013ed3     0x2  Code  Gb  att_util.o [8]
ATT_BuildExchangeMTURsp
                        0x00013edf     0x2  Code  Gb  att_util.o [8]
ATT_BuildExecuteWriteReq
                        0x00014209     0x8  Code  Gb  att_util.o [8]
ATT_BuildFindByTypeValueReq
                        0x00013f6d    0x1a  Code  Gb  att_util.o [8]
ATT_BuildFindByTypeValueRsp
                        0x00013fc9     0x8  Code  Gb  att_util.o [8]
ATT_BuildFindInfoReq    0x00013f05     0x2  Code  Gb  att_util.o [8]
ATT_BuildFindInfoRsp    0x00013f11    0x18  Code  Gb  att_util.o [8]
ATT_BuildHandleValueInd
                        0x0001422d     0x2  Code  Gb  att_util.o [8]
ATT_BuildPrepareWriteReq
                        0x0001418f     0x2  Code  Gb  att_util.o [8]
ATT_BuildPrepareWriteRsp
                        0x000141b9     0x2  Code  Gb  att_util.o [8]
ATT_BuildReadBlobReq    0x000140d3     0x2  Code  Gb  att_util.o [8]
ATT_BuildReadBlobRsp    0x00014111     0x4  Code  Gb  att_util.o [8]
ATT_BuildReadByGrpTypeRsp
                        0x00014151     0x2  Code  Gb  att_util.o [8]
ATT_BuildReadByTypeReq  0x00013feb    0x1a  Code  Gb  att_util.o [8]
ATT_BuildReadByTypeRsp  0x00014057     0x2  Code  Gb  att_util.o [8]
ATT_BuildReadMultiReq   0x00014123     0x8  Code  Gb  att_util.o [8]
ATT_BuildReadMultiRsp   0x0001414b     0x4  Code  Gb  att_util.o [8]
ATT_BuildReadReq        0x0001407b     0x2  Code  Gb  att_util.o [8]
ATT_BuildReadRsp        0x00014097     0x4  Code  Gb  att_util.o [8]
ATT_BuildWriteReq       0x000140c7     0x2  Code  Gb  att_util.o [8]
ATT_CompareUUID         0x000142f3    0x50  Code  Gb  att_util.o [8]
ATT_ConvertUUIDto128    0x00014343    0x28  Code  Gb  att_util.o [8]
ATT_ErrorRsp            0x0000d833     0xc  Code  Gb  att_server.o [8]
ATT_ExchangeMTUReq      0x0000d68f    0x26  Code  Gb  att_client.o [8]
ATT_ExchangeMTURsp      0x0000d845    0x18  Code  Gb  att_server.o [8]
ATT_ExecuteWriteReq     0x0000d7c9     0xc  Code  Gb  att_client.o [8]
ATT_ExecuteWriteRsp     0x0000d977     0xc  Code  Gb  att_server.o [8]
ATT_FindByTypeValueReq  0x0000d6c9    0x24  Code  Gb  att_client.o [8]
ATT_FindByTypeValueRsp  0x0000d88d    0x20  Code  Gb  att_server.o [8]
ATT_FindInfoReq         0x0000d6b5     0xc  Code  Gb  att_client.o [8]
ATT_FindInfoRsp         0x0000d85d    0x30  Code  Gb  att_server.o [8]
ATT_GetMTU              0x00014395    0x20  Code  Gb  att_util.o [8]
ATT_HandleValueCfm      0x0000d7d5    0x2a  Code  Gb  att_client.o [8]
ATT_HandleValueInd      0x0000d999    0x14  Code  Gb  att_server.o [8]
ATT_HandleValueNoti     0x0000d983    0x16  Code  Gb  att_server.o [8]
ATT_ParseErrorRsp       0x00013eb5    0x1e  Code  Gb  att_util.o [8]
ATT_ParseExchangeMTUReq
                        0x00013ed5     0xa  Code  Gb  att_util.o [8]
ATT_ParseExchangeMTURsp
                        0x00013eef    0x16  Code  Gb  att_util.o [8]
ATT_ParseExecuteWriteReq
                        0x00014211    0x12  Code  Gb  att_util.o [8]
ATT_ParseExecuteWriteRsp
                        0x00014223     0xa  Code  Gb  att_util.o [8]
ATT_ParseFindByTypeValueReq
                        0x00013f87    0x42  Code  Gb  att_util.o [8]
ATT_ParseFindByTypeValueRsp
                        0x00013fd1    0x1a  Code  Gb  att_util.o [8]
ATT_ParseFindInfoReq    0x00013f07     0xa  Code  Gb  att_util.o [8]
ATT_ParseFindInfoRsp    0x00013f29    0x44  Code  Gb  att_util.o [8]
ATT_ParseHandleValueInd
                        0x00014241    0x1e  Code  Gb  att_util.o [8]
ATT_ParsePacket         0x00013e49    0x5a  Code  Gb  att_util.o [8]
ATT_ParsePrepareWriteReq
                        0x00014191    0x28  Code  Gb  att_util.o [8]
ATT_ParsePrepareWriteRsp
                        0x000141d7    0x32  Code  Gb  att_util.o [8]
ATT_ParseReadBlobReq    0x000140ed     0xa  Code  Gb  att_util.o [8]
ATT_ParseReadBlobRsp    0x00014115     0x2  Code  Gb  att_util.o [8]
ATT_ParseReadByGrpTypeRsp
                        0x00014163    0x22  Code  Gb  att_util.o [8]
ATT_ParseReadByTypeReq  0x0001401b    0x3c  Code  Gb  att_util.o [8]
ATT_ParseReadByTypeRsp  0x00014059    0x22  Code  Gb  att_util.o [8]
ATT_ParseReadMultiReq   0x0001412b    0x20  Code  Gb  att_util.o [8]
ATT_ParseReadMultiRsp   0x0001414f     0x2  Code  Gb  att_util.o [8]
ATT_ParseReadReq        0x0001407d     0xa  Code  Gb  att_util.o [8]
ATT_ParseReadRsp        0x0001409b     0x2  Code  Gb  att_util.o [8]
ATT_ParseWriteReq       0x0001409d    0x2a  Code  Gb  att_util.o [8]
ATT_ParseWriteRsp       0x000140c9     0xa  Code  Gb  att_util.o [8]
ATT_PrepareWriteReq     0x0000d7a9    0x18  Code  Gb  att_client.o [8]
ATT_PrepareWriteRsp     0x0000d95d    0x1a  Code  Gb  att_server.o [8]
ATT_ReadBlobReq         0x0000d711     0xc  Code  Gb  att_client.o [8]
ATT_ReadBlobRsp         0x0000d8f5    0x16  Code  Gb  att_server.o [8]
ATT_ReadByGrpTypeReq    0x0000d749    0x18  Code  Gb  att_client.o [8]
ATT_ReadByGrpTypeRsp    0x0000d92f    0x22  Code  Gb  att_server.o [8]
ATT_ReadByTypeReq       0x0000d6ed    0x18  Code  Gb  att_client.o [8]
ATT_ReadByTypeRsp       0x0000d8ad    0x22  Code  Gb  att_server.o [8]
ATT_ReadMultiReq        0x0000d725    0x24  Code  Gb  att_client.o [8]
ATT_ReadMultiRsp        0x0000d911    0x16  Code  Gb  att_server.o [8]
ATT_ReadReq             0x0000d705     0xc  Code  Gb  att_client.o [8]
ATT_ReadRsp             0x0000d8d9    0x14  Code  Gb  att_server.o [8]
ATT_RegisterClient      0x0000d689     0x6  Code  Gb  att_client.o [8]
ATT_RegisterServer      0x0000d82d     0x6  Code  Gb  att_server.o [8]
ATT_UpdateMTU           0x0001436b    0x2a  Code  Gb  att_util.o [8]
ATT_WriteReq            0x0000d761    0x48  Code  Gb  att_client.o [8]
ATT_WriteRsp            0x0000d951     0xc  Code  Gb  att_server.o [8]
AddRoundKeySubBytes_Sw {Abs}
                        0x10016c29    0x1a  Code  Gb  ble_rom_patch.symbols [2]
AesCcm_authEncrypt_Sw {Abs}
                        0x10018a19    0x1a  Code  Gb  ble_rom_patch.symbols [2]
AesCcm_decryptAuth_Sw {Abs}
                        0x10018a35    0x18  Code  Gb  ble_rom_patch.symbols [2]
AesCcm_getNumBlocks_Sw {Abs}
                        0x10018b09     0x4  Code  Gb  ble_rom_patch.symbols [2]
Aes_decrypt_Sw {Abs}    0x10018ac5    0x2a  Code  Gb  ble_rom_patch.symbols [2]
Aes_encrypt_Sw {Abs}    0x10018a99    0x2a  Code  Gb  ble_rom_patch.symbols [2]
COMMON_RAM_BASE_ADDR {Abs}
                        0x20004f2c           --   Gb  ble_rom_patch.symbols [2]
COMMON_ROM_BASE_ADDR {Abs}
                        0x10014c01           --   Gb  ble_rom_patch.symbols [2]
CommonROM_Init          0x0001b5ab    0x1c  Code  Gb  rom_jt.o [1]
ENTRY$$Base             0x0000c230           --   Gb  - Linker created -
ENTRY$$Limit            0x0000c260           --   Gb  - Linker created -
FFMult_Sw {Abs}         0x10016d05    0x22  Code  Gb  ble_rom_patch.symbols [2]
Fill1_1 {Abs}           0x1000d9ec   0x610   --   Gb  ble_rom_patch.symbols [2]
GAP_Authenticate        0x0001267d    0x9c  Code  Gb  gap_linkmgr.o [8]
GAP_Bond                0x000127b7    0x76  Code  Gb  gap_linkmgr.o [8]
GAP_CentConnRegister    0x000119d1    0x10  Code  Gb  gap_centlinkmgr.o [8]
GAP_CentDevMgrInit      0x0001144d    0x68  Code  Gb  gap_centdevmgr.o [8]
GAP_ConfigDeviceAddr    0x00012207    0xcc  Code  Gb  gap_configmgr.o [8]
GAP_DeviceDiscoveryCancel
                        0x0001141b    0x26  Code  Gb  gap_centdevmgr.o [8]
GAP_DeviceDiscoveryRequest
                        0x00011391    0x8a  Code  Gb  gap_centdevmgr.o [8]
GAP_DeviceInit          0x00011325    0x5c  Code  Gb  gap.o [1]
GAP_EndDiscoverable     0x00011c4b    0x4c  Code  Gb  gap_peridevmgr.o [8]
GAP_EstablishLinkReq    0x000118e5    0xec  Code  Gb  gap_centlinkmgr.o [8]
GAP_GetIRK              0x00012201     0x6  Code  Gb  gap_configmgr.o [8]
GAP_GetParamValue       0x0001218b    0x12  Code  Gb  gap_configmgr.o [8]
GAP_Init                0x00013303    0x16  Code  Gb  gap_task.o [8]
GAP_MakeDiscoverable    0x00011b51    0x92  Code  Gb  gap_peridevmgr.o [8]
GAP_NumActiveConnections
                        0x000133e1     0x4  Code  Gb  gap_task.o [8]
GAP_ParamsInit          0x0001219d    0x28  Code  Gb  gap_configmgr.o [8]
GAP_PasscodeUpdate      0x0001276b    0x4c  Code  Gb  gap_linkmgr.o [8]
GAP_PasskeyUpdate       0x00012737    0x34  Code  Gb  gap_linkmgr.o [8]
GAP_PeriConnRegister    0x00012f67    0x24  Code  Gb  gap_perilinkmgr.o [8]
GAP_PeriDevMgrInit      0x00011d9f    0x6e  Code  Gb  gap_peridevmgr.o [8]
GAP_PrivacyInit         0x000121df    0x18  Code  Gb  gap_configmgr.o [8]
GAP_ProcessEvent        0x00013319    0xc8  Code  Gb  gap_task.o [8]
GAP_RegisterForMsgs     0x000132fd     0x6  Code  Gb  gap_task.o [8]
GAP_RemoveAdvToken      0x00011d41    0x3e  Code  Gb  gap_peridevmgr.o [8]
GAP_ResolvePrivateAddr  0x00012e7d     0x4  Code  Gb  gap_devmgr.o [8]
GAP_SecParamsInit       0x000121c5    0x1a  Code  Gb  gap_configmgr.o [8]
GAP_SendSlaveSecurityRequest
                        0x00012f2d    0x3a  Code  Gb  gap_perilinkmgr.o [8]
GAP_SetAdvToken         0x00011c97    0x9e  Code  Gb  gap_peridevmgr.o [8]
GAP_SetParamValue       0x00012171    0x1a  Code  Gb  gap_configmgr.o [8]
GAP_Signable            0x00012635    0x48  Code  Gb  gap_linkmgr.o [8]
GAP_TerminateAuth       0x00012719    0x1e  Code  Gb  gap_linkmgr.o [8]
GAP_TerminateLinkReq    0x000124c1    0x7a  Code  Gb  gap_linkmgr.o [8]
GAP_UpdateAdvTokens     0x00011d8b    0x14  Code  Gb  gap_peridevmgr.o [8]
GAP_UpdateAdvertisingData
                        0x00011be3    0x68  Code  Gb  gap_peridevmgr.o [8]
GAP_UpdateLinkParamReq  0x0001253b    0x68  Code  Gb  gap_linkmgr.o [8]
GAP_UpdateLinkParamReqReply
                        0x000125a3    0x86  Code  Gb  gap_linkmgr.o [8]
GATTServApp_AddService  0x000105db    0x16  Code  Gb  gattservapp.o [8]
GATTServApp_DeregisterService
                        0x0001047f    0x44  Code  Gb  gattservapp.o [8]
GATTServApp_GetParameter
                        0x00010521    0x14  Code  Gb  gattservapp.o [8]
GATTServApp_Init        0x0001039d    0x4e  Code  Gb  gattservapp.o [8]
GATTServApp_InitCharCfg
                        0x00016da5    0x34  Code  Gb  gattservapp_util.o [1]
GATTServApp_ProcessEvent
                        0x000103eb    0x3e  Code  Gb  gattservapp.o [8]
GATTServApp_ReadAttr    0x0001100d   0x1f4  Code  Gb  gattservapp.o [8]
GATTServApp_ReadCharCfg
                        0x00016dd9     0xc  Code  Gb  gattservapp_util.o [1]
GATTServApp_RegisterService
                        0x00010429    0x56  Code  Gb  gattservapp.o [8]
GATTServApp_SendCCCUpdatedEvent
                        0x000112e1    0x36  Code  Gb  gattservapp.o [8]
GATTServApp_SetParameter
                        0x000104c3    0x5e  Code  Gb  gattservapp.o [8]
GATTServApp_TaskID      0x200047fc     0x1  Data  Gb  gattservapp.o [8]
GATTServApp_WriteAttr   0x00011205    0x7a  Code  Gb  gattservapp.o [8]
GATT_AppCompletedMsg    0x0000ecdb    0x28  Code  Gb  gatt_task.o [8]
GATT_DeregisterService  0x0000e321    0x40  Code  Gb  gatt_server.o [8]
GATT_DiscAllCharDescs   0x0000f81d    0x3c  Code  Gb  gatt_client.o [8]
GATT_DiscAllChars       0x0000f7e7    0x1a  Code  Gb  gatt_client.o [8]
GATT_DiscAllPrimaryServices
                        0x0000f71f    0x4c  Code  Gb  gatt_client.o [8]
GATT_DiscCharsByUUID    0x0000f817     0x6  Code  Gb  gatt_client.o [8]
GATT_DiscPrimaryServiceByUUID
                        0x0000f76b    0x62  Code  Gb  gatt_client.o [8]
GATT_ExchangeMTU        0x0000f6f3    0x2c  Code  Gb  gatt_client.o [8]
GATT_FindHandle         0x0000e451    0x4c  Code  Gb  gatt_server.o [8]
GATT_FindHandleUUID     0x0000e3f3    0x5e  Code  Gb  gatt_server.o [8]
GATT_FindIncludedServices
                        0x0000f7cd    0x1a  Code  Gb  gatt_client.o [8]
GATT_FindNextAttr       0x0000e49d    0x7a  Code  Gb  gatt_server.o [8]
GATT_GetNextHandle      0x0000ec51     0x6  Code  Gb  gatt_server.o [8]
GATT_Indication         0x0000e5f1    0x6c  Code  Gb  gatt_server.o [8]
GATT_Init               0x0000ed03    0x1e  Code  Gb  gatt_task.o [8]
GATT_InitClient         0x0000f669    0x82  Code  Gb  gatt_client.o [8]
GATT_InitServer         0x0000e21d    0x68  Code  Gb  gatt_server.o [8]
GATT_Notification       0x0000e65d    0x4a  Code  Gb  gatt_server.o [8]
GATT_NotifyEvent        0x0000ee6d    0x14  Code  Gb  gatt_task.o [8]
GATT_ProcessEvent       0x0000ed21    0x30  Code  Gb  gatt_task.o [8]
GATT_ReadCharDesc       0x0000f96d     0x2  Code  Gb  gatt_client.o [8]
GATT_ReadCharValue      0x0000f859     0x2  Code  Gb  gatt_client.o [8]
GATT_ReadLongCharDesc   0x0000f96f     0x2  Code  Gb  gatt_client.o [8]
GATT_ReadLongCharValue  0x0000f861     0x2  Code  Gb  gatt_client.o [8]
GATT_ReadMultiCharValues
                        0x0000f863    0x2c  Code  Gb  gatt_client.o [8]
GATT_ReadUsingCharUUID  0x0000f85b     0x6  Code  Gb  gatt_client.o [8]
GATT_RegisterForInd     0x0000f6eb     0x8  Code  Gb  gatt_client.o [8]
GATT_RegisterForMsgs    0x0000ecc9     0x6  Code  Gb  gatt_task.o [8]
GATT_RegisterForReq     0x0000e361     0x8  Code  Gb  gatt_server.o [8]
GATT_RegisterService    0x0000e285    0x9c  Code  Gb  gatt_server.o [8]
GATT_ReliableWrites     0x0000f8df    0x8e  Code  Gb  gatt_client.o [8]
GATT_SendRsp            0x0000e53d    0xb4  Code  Gb  gatt_server.o [8]
GATT_ServiceEncKeySize  0x0000e52d    0x10  Code  Gb  gatt_server.o [8]
GATT_ServiceNumAttrs    0x0000e521     0xc  Code  Gb  gatt_server.o [8]
GATT_SetHostToAppFlowCtrl
                        0x0000eccf     0xc  Code  Gb  gatt_task.o [8]
GATT_SignedWriteNoRsp   0x0000f8ab    0x1c  Code  Gb  gatt_client.o [8]
GATT_UpdateMTU          0x0000ee81    0x26  Code  Gb  gatt_task.o [8]
GATT_VerifyReadPermissions
                        0x0000e369    0x36  Code  Gb  gatt_server.o [8]
GATT_VerifyWritePermissions
                        0x0000e39f    0x54  Code  Gb  gatt_server.o [8]
GATT_WriteCharDesc      0x0000f971     0x2  Code  Gb  gatt_client.o [8]
GATT_WriteCharValue     0x0000f8db     0x2  Code  Gb  gatt_client.o [8]
GATT_WriteLongCharDesc  0x0000f973     0x2  Code  Gb  gatt_client.o [8]
GATT_WriteLongCharValue
                        0x0000f8dd     0x2  Code  Gb  gatt_client.o [8]
GATT_WriteNoRsp         0x0000f88f    0x1c  Code  Gb  gatt_client.o [8]
GATT_bm_alloc           0x0000ef29    0x78  Code  Gb  gatt_task.o [8]
GATT_bm_free            0x0000efa1    0x12  Code  Gb  gatt_task.o [8]
GGS_AddService          0x00013693    0x18  Code  Gb  gapgattserver.o [8]
GGS_GetParameter        0x0001365d    0x36  Code  Gb  gapgattserver.o [8]
GGS_RegisterAppCBs      0x000136ab     0x6  Code  Gb  gapgattserver.o [8]
GGS_SetParameter        0x000135dd    0x80  Code  Gb  gapgattserver.o [8]
HCI_CommandCompleteEvent {Abs}
                        0x10008add    0xac  Code  Gb  ble_rom_patch.symbols [2]
HCI_CommandStatusEvent {Abs}
                        0x10008ba1    0x54  Code  Gb  ble_rom_patch.symbols [2]
HCI_DataBufferOverflowEvent {Abs}
                        0x10008a2d    0x24  Code  Gb  ble_rom_patch.symbols [2]
HCI_DisconnectCmd {Abs}
                        0x10009525    0x1a  Code  Gb  ble_rom_patch.symbols [2]
HCI_EXT_AdvEventNoticeCmd {Abs}
                        0x1000a0f1     0xa  Code  Gb  ble_rom_patch.symbols [2]
HCI_EXT_BuildRevisionCmd {Abs}
                        0x1000a109    0x4a  Code  Gb  ble_rom_patch.symbols [2]
HCI_EXT_ClkDivOnHaltCmd {Abs}
                        0x10009d79    0x1e  Code  Gb  ble_rom_patch.symbols [2]
HCI_EXT_ConnEventNoticeCmd
                        0x0000dcab     0x4  Code  Gb  hci_patch.o [4]
HCI_EXT_DeclareNvUsageCmd {Abs}
                        0x10009dad    0x22  Code  Gb  ble_rom_patch.symbols [2]
HCI_EXT_DecryptCmd {Abs}
                        0x10009dd1    0x5a  Code  Gb  ble_rom_patch.symbols [2]
HCI_EXT_DelaySleepCmd   0x0000dc87    0x1c  Code  Gb  hci_patch.o [4]
HCI_EXT_DisconnectImmedCmd {Abs}
                        0x1000a011    0x1e  Code  Gb  ble_rom_patch.symbols [2]
HCI_EXT_EnablePTMCmd {Abs}
                        0x10009f69    0x16  Code  Gb  ble_rom_patch.symbols [2]
HCI_EXT_EndModemTestCmd {Abs}
                        0x10009eed    0x1e  Code  Gb  ble_rom_patch.symbols [2]
HCI_EXT_ExtendRfRangeCmd {Abs}
                        0x1000a095    0x3a  Code  Gb  ble_rom_patch.symbols [2]
HCI_EXT_GetConnInfoCmd  0x0000daab    0x8e  Code  Gb  hci_patch.o [4]
HCI_EXT_HaltDuringRfCmd {Abs}
                        0x1000a0d1    0x1e  Code  Gb  ble_rom_patch.symbols [2]
HCI_EXT_MapPmIoPortCmd {Abs}
                        0x10009ff1    0x1e  Code  Gb  ble_rom_patch.symbols [2]
HCI_EXT_ModemHopTestTxCmd {Abs}
                        0x10009ead    0x1e  Code  Gb  ble_rom_patch.symbols [2]
HCI_EXT_ModemTestRxCmd {Abs}
                        0x10009ecd    0x1e  Code  Gb  ble_rom_patch.symbols [2]
HCI_EXT_ModemTestTxCmd {Abs}
                        0x10009e8d    0x1e  Code  Gb  ble_rom_patch.symbols [2]
HCI_EXT_NumComplPktsLimitCmd {Abs}
                        0x1000a1b5    0x1e  Code  Gb  ble_rom_patch.symbols [2]
HCI_EXT_OnePktPerEvtCmd {Abs}
                        0x10009d45    0x26  Code  Gb  ble_rom_patch.symbols [2]
HCI_EXT_OverlappedProcessingCmd {Abs}
                        0x1000a195    0x1e  Code  Gb  ble_rom_patch.symbols [2]
HCI_EXT_PERbyChanCmd {Abs}
                        0x1000a075    0x1e  Code  Gb  ble_rom_patch.symbols [2]
HCI_EXT_PacketErrorRateCmd {Abs}
                        0x1000a031    0x36  Code  Gb  ble_rom_patch.symbols [2]
HCI_EXT_ResetSystemCmd  0x0000dc61    0x26  Code  Gb  hci_patch.o [4]
HCI_EXT_SaveFreqTuneCmd {Abs}
                        0x10009fb1    0x1e  Code  Gb  ble_rom_patch.symbols [2]
HCI_EXT_SetBDADDRCmd {Abs}
                        0x10009f0d    0x3a  Code  Gb  ble_rom_patch.symbols [2]
HCI_EXT_SetFastTxResponseTimeCmd {Abs}
                        0x10009e4d    0x1e  Code  Gb  ble_rom_patch.symbols [2]
HCI_EXT_SetFreqTuneCmd {Abs}
                        0x10009f81    0x1e  Code  Gb  ble_rom_patch.symbols [2]
HCI_EXT_SetLocalSupportedFeaturesCmd {Abs}
                        0x10009e2d    0x1e  Code  Gb  ble_rom_patch.symbols [2]
HCI_EXT_SetMaxDtmTxPowerCmd {Abs}
                        0x10009fd1    0x1e  Code  Gb  ble_rom_patch.symbols [2]
HCI_EXT_SetRxGainCmd {Abs}
                        0x10009cd5    0x34  Code  Gb  ble_rom_patch.symbols [2]
HCI_EXT_SetSCACmd {Abs}
                        0x10009f49    0x1e  Code  Gb  ble_rom_patch.symbols [2]
HCI_EXT_SetSlaveLatencyOverrideCmd {Abs}
                        0x10009e6d    0x1e  Code  Gb  ble_rom_patch.symbols [2]
HCI_EXT_SetTxPowerCmd {Abs}
                        0x10009d09    0x3a  Code  Gb  ble_rom_patch.symbols [2]
HCI_GAPTaskRegister     0x00018ae9     0x6  Code  Gb  hci_tl.o [5]
HCI_HardwareErrorEvent {Abs}
                        0x10008bf5    0x2e  Code  Gb  ble_rom_patch.symbols [2]
HCI_HostBufferSizeCmd {Abs}
                        0x10009631    0x2c  Code  Gb  ble_rom_patch.symbols [2]
HCI_HostNumCompletedPktCmd {Abs}
                        0x1000965d    0x5a  Code  Gb  ble_rom_patch.symbols [2]
HCI_Init                0x00018a99    0x1e  Code  Gb  hci_tl.o [5]
HCI_L2CAPTaskRegister   0x00018aef     0x6  Code  Gb  hci_tl.o [5]
HCI_LE_AddWhiteListCmd {Abs}
                        0x10009a15    0x1c  Code  Gb  ble_rom_patch.symbols [2]
HCI_LE_ClearWhiteListCmd {Abs}
                        0x100099f9    0x1c  Code  Gb  ble_rom_patch.symbols [2]
HCI_LE_ConnUpdateCmd    0x0000dc3f    0x1c  Code  Gb  hci_patch.o [4]
HCI_LE_CreateConnCancelCmd {Abs}
                        0x1000999d    0x1c  Code  Gb  ble_rom_patch.symbols [2]
HCI_LE_CreateConnCmd {Abs}
                        0x1000995d    0x40  Code  Gb  ble_rom_patch.symbols [2]
HCI_LE_EncryptCmd {Abs}
                        0x10009af5    0x40  Code  Gb  ble_rom_patch.symbols [2]
HCI_LE_LtkReqNegReplyCmd {Abs}
                        0x10009be1    0x1c  Code  Gb  ble_rom_patch.symbols [2]
HCI_LE_LtkReqReplyCmd {Abs}
                        0x10009bc5    0x1c  Code  Gb  ble_rom_patch.symbols [2]
HCI_LE_RandCmd {Abs}    0x10009b51    0x3c  Code  Gb  ble_rom_patch.symbols [2]
HCI_LE_ReadAdvChanTxPowerCmd {Abs}
                        0x100098f5    0x20  Code  Gb  ble_rom_patch.symbols [2]
HCI_LE_ReadBufSizeCmd   0x0000db41    0x26  Code  Gb  hci_patch.o [4]
HCI_LE_ReadChannelMapCmd {Abs}
                        0x10009aa1    0x36  Code  Gb  ble_rom_patch.symbols [2]
HCI_LE_ReadLocalSupportedFeaturesCmd {Abs}
                        0x10009829    0x1e  Code  Gb  ble_rom_patch.symbols [2]
HCI_LE_ReadRemoteUsedFeaturesCmd
                        0x0000dbc9    0x2a  Code  Gb  hci_patch.o [4]
HCI_LE_ReadSupportedStatesCmd {Abs}
                        0x10009c15    0x22  Code  Gb  ble_rom_patch.symbols [2]
HCI_LE_ReadWhiteListSizeCmd {Abs}
                        0x100099c9    0x20  Code  Gb  ble_rom_patch.symbols [2]
HCI_LE_ReceiverTestCmd  0x0000dc05    0x12  Code  Gb  hci_patch.o [4]
HCI_LE_RemoteConnParamReqNegReplyCmd
                        0x0000dba1    0x14  Code  Gb  hci_patch.o [4]
HCI_LE_RemoteConnParamReqReplyCmd
                        0x0000db6f    0x32  Code  Gb  hci_patch.o [4]
HCI_LE_RemoveWhiteListCmd {Abs}
                        0x10009a31    0x1c  Code  Gb  ble_rom_patch.symbols [2]
HCI_LE_SetAdvDataCmd {Abs}
                        0x100098a1    0x1c  Code  Gb  ble_rom_patch.symbols [2]
HCI_LE_SetAdvEnableCmd {Abs}
                        0x100098d9    0x1c  Code  Gb  ble_rom_patch.symbols [2]
HCI_LE_SetAdvParamCmd {Abs}
                        0x1000986d    0x34  Code  Gb  ble_rom_patch.symbols [2]
HCI_LE_SetEventMaskCmd  0x0000dcaf    0x1e  Code  Gb  hci_patch.o [4]
HCI_LE_SetHostChanClassificationCmd {Abs}
                        0x10009a85    0x1c  Code  Gb  ble_rom_patch.symbols [2]
HCI_LE_SetRandomAddressCmd {Abs}
                        0x10009849    0x24  Code  Gb  ble_rom_patch.symbols [2]
HCI_LE_SetScanEnableCmd {Abs}
                        0x10009941    0x1c  Code  Gb  ble_rom_patch.symbols [2]
HCI_LE_SetScanParamCmd {Abs}
                        0x10009915    0x2a  Code  Gb  ble_rom_patch.symbols [2]
HCI_LE_SetScanRspDataCmd {Abs}
                        0x100098bd    0x1c  Code  Gb  ble_rom_patch.symbols [2]
HCI_LE_StartEncyptCmd {Abs}
                        0x10009ba9    0x1c  Code  Gb  ble_rom_patch.symbols [2]
HCI_LE_TestEndCmd {Abs}
                        0x10009c8d    0x32  Code  Gb  ble_rom_patch.symbols [2]
HCI_LE_TransmitterTestCmd
                        0x0000dbf3    0x12  Code  Gb  hci_patch.o [4]
HCI_NumOfCompletedPacketsEvent
                        0x00016585    0xc0  Code  Gb  hci_event_patch.o [4]
HCI_ProcessEvent        0x00018ab7    0x32  Code  Gb  hci_tl.o [5]
HCI_ReadBDADDRCmd {Abs}
                        0x10009765    0x26  Code  Gb  ble_rom_patch.symbols [2]
HCI_ReadLocalSupportedCommandsCmd
                        0x0000da97    0x14  Code  Gb  hci_patch.o [4]
HCI_ReadLocalSupportedFeaturesCmd {Abs}
                        0x1000973d    0x20  Code  Gb  ble_rom_patch.symbols [2]
HCI_ReadLocalVersionInfoCmd
                        0x0000dce9    0x58  Code  Gb  hci_patch.o [4]
HCI_ReadRemoteVersionInfoCmd {Abs}
                        0x10009541    0x30  Code  Gb  ble_rom_patch.symbols [2]
HCI_ReadRssiCmd         0x0000dd41    0x1a  Code  Gb  hci_patch.o [4]
HCI_ReadTransmitPowerLevelCmd {Abs}
                        0x100095d1    0x22  Code  Gb  ble_rom_patch.symbols [2]
HCI_ResetCmd            0x0000da75    0x22  Code  Gb  hci_patch.o [4]
HCI_ReverseBytes {Abs}  0x1000d7cd    0x1e  Code  Gb  ble_rom_patch.symbols [2]
HCI_SMPTaskRegister     0x00018af5     0x6  Code  Gb  hci_tl.o [5]
HCI_SendCommandCompleteEvent {Abs}
                        0x10008c81    0xb0  Code  Gb  ble_rom_patch.symbols [2]
HCI_SendCommandStatusEvent {Abs}
                        0x10008c59    0x28  Code  Gb  ble_rom_patch.symbols [2]
HCI_SendControllerToHostEvent {Abs}
                        0x10008d31    0x50  Code  Gb  ble_rom_patch.symbols [2]
HCI_SendDataPkt {Abs}   0x100094e9    0x3a  Code  Gb  ble_rom_patch.symbols [2]
HCI_SetControllerToHostFlowCtrlCmd {Abs}
                        0x100095f5    0x3c  Code  Gb  ble_rom_patch.symbols [2]
HCI_SetEventMaskCmd {Abs}
                        0x10009571    0x2c  Code  Gb  ble_rom_patch.symbols [2]
HCI_SetEventMaskPage2Cmd
                        0x0000dc17    0x1e  Code  Gb  hci_patch.o [4]
HCI_ValidConnTimeParams
                        0x0000da39    0x3c  Code  Gb  hci_patch.o [4]
HCI_VendorSpecifcCommandCompleteEvent
                        0x000169c1    0x5e  Code  Gb  hci_event_patch.o [4]
HCI_bm_alloc {Abs}      0x100094a1     0xc  Code  Gb  ble_rom_patch.symbols [2]
HalFlashGetAddress      0x00016a7f    0x16  Code  Gb  hal_flash_wrapper.o [1]
HalFlashRead            0x00016a3d    0x30  Code  Gb  hal_flash_wrapper.o [1]
HalFlashWrite           0x00016a75     0xa  Code  Gb  hal_flash_wrapper.o [1]
HalTRNG_GetTRNG         0x00019079    0x2e  Code  Gb  hal_trng_wrapper.o [1]
HalTRNG_InitTRNG        0x0001905d    0x1c  Code  Gb  hal_trng_wrapper.o [1]
ICall_abort             0x0000cea5    0x14  Code  Lc  osal.o [1]
ICall_dispatcher        0x2000479c     0x4  Data  Gb  icall_startup.o [1]
ICall_enrollService     0x00013d39    0x30  Code  Lc  osal_icall_ble.o [1]
ICall_enterCriticalSection
                        0x200047a0     0x4  Data  Gb  icall_startup.o [1]
ICall_getTicks          0x00013a01    0x1c  Code  Lc  osal_timers.o [1]
ICall_leaveCriticalSection
                        0x200047a4     0x4  Data  Gb  icall_startup.o [1]
ICall_pwrDispense       0x0001b2c1     0xe  Code  Lc  ll_enc_patch.o [4]
ICall_pwrRequire        0x0001b2b1    0x10  Code  Lc  ll_enc_patch.o [4]
ICall_pwrUpdActivityCounter
                        0x00013c99    0x22  Code  Lc  osal_pwrmgr.o [1]
ICall_send              0x0000ce7b    0x2a  Code  Lc  osal.o [1]
ICall_signal            0x0000ce5d    0x1e  Code  Lc  osal.o [1]
IOCapMatrix             0x000180b0    0x1c  Data  Lc  sm_pairing.o [8]
IntMasterDisable        0x0001b56d     0x6  Code  Lc  rom_jt.o [1]
IntMasterEnable         0x0001b565     0x8  Code  Lc  rom_jt.o [1]
InvAddRoundKey_Sw {Abs}
                        0x10016da1    0x26  Code  Gb  ble_rom_patch.symbols [2]
InvMixColumns_Sw {Abs}  0x10016ed5    0x70  Code  Gb  ble_rom_patch.symbols [2]
InvRoundKey_Sw {Abs}    0x10016dc9    0xc4  Code  Gb  ble_rom_patch.symbols [2]
InvShiftRows_Sw {Abs}   0x10016ea1    0x32  Code  Gb  ble_rom_patch.symbols [2]
InvSubBytes_Sw {Abs}    0x10016e8d    0x14  Code  Gb  ble_rom_patch.symbols [2]
L2CAP_BuildCmdReject    0x0000f241    0x3e  Code  Gb  l2cap_util.o [8]
L2CAP_BuildParamUpdateRsp
                        0x0000f325     0x2  Code  Gb  l2cap_util.o [8]
L2CAP_CmdReject         0x0000d5b1     0xe  Code  Gb  l2cap_if.o [8]
L2CAP_ConnParamUpdateReq
                        0x0000d5bf    0x36  Code  Gb  l2cap_if.o [8]
L2CAP_ConnParamUpdateRsp
                        0x0000d5f5     0xc  Code  Gb  l2cap_if.o [8]
L2CAP_GetMTU            0x0000d663     0x6  Code  Gb  l2cap_if.o [8]
L2CAP_HostNumCompletedPkts
                        0x0000d641    0x16  Code  Gb  l2cap_if.o [8]
L2CAP_Init              0x00018c55    0x62  Code  Gb  l2cap_task.o [8]
L2CAP_ParseParamUpdateReq
                        0x0000f2eb    0x3a  Code  Gb  l2cap_util.o [8]
L2CAP_ProcessEvent      0x00018cb7    0x6e  Code  Gb  l2cap_task.o [8]
L2CAP_RegisterApp       0x0000d525    0x2a  Code  Gb  l2cap_if.o [8]
L2CAP_SendData          0x0000d54f    0x62  Code  Gb  l2cap_if.o [8]
L2CAP_SetBufSize        0x0000d657     0xc  Code  Gb  l2cap_if.o [8]
L2CAP_SetControllerToHostFlowCtrl
                        0x0000d607    0x3a  Code  Gb  l2cap_if.o [8]
L2CAP_SetUserConfig     0x0000d685     0x2  Code  Gb  l2cap_if.o [8]
L2CAP_bm_alloc          0x0000f581    0x1a  Code  Gb  l2cap_util.o [8]
LL_AddWhiteListDevice {Abs}
                        0x10005739    0x2a  Code  Gb  ble_rom_patch.symbols [2]
LL_AdvReportCback {Abs}
                        0x10008d81   0x120  Code  Gb  ble_rom_patch.symbols [2]
LL_AuthPayloadTimeoutExpiredCback
                        0x00016667    0x74  Code  Gb  hci_event_patch.o [4]
LL_ChanMapUpdate        0x0001620d    0x8e  Code  Gb  ll_patch.o [4]
LL_ClearWhiteList {Abs}
                        0x10005719    0x20  Code  Gb  ble_rom_patch.symbols [2]
LL_ConnActive {Abs}     0x1000678d    0x2e  Code  Gb  ble_rom_patch.symbols [2]
LL_ConnParamUpdateCback
                        0x00016495    0x84  Code  Gb  hci_event_patch.o [4]
LL_ConnUpdate           0x00015afd    0xce  Code  Gb  ll_patch.o [4]
LL_ConnectionCompleteCback {Abs}
                        0x10008ead   0x140  Code  Gb  ble_rom_patch.symbols [2]
LL_CreateConn           0x00015f63   0x21a  Code  Gb  ll_patch.o [4]
LL_CreateConnCancel     0x00016185    0x76  Code  Gb  ll_patch.o [4]
LL_CtrlToHostFlowControl {Abs}
                        0x100058d5    0x14  Code  Gb  ble_rom_patch.symbols [2]
LL_DirectTestEnd        0x000159ad    0x78  Code  Gb  ll_patch.o [4]
LL_DirectTestEndDoneCback {Abs}
                        0x10009471    0x24  Code  Gb  ble_rom_patch.symbols [2]
LL_DirectTestRxTest     0x000158c9    0xca  Code  Gb  ll_patch.o [4]
LL_DirectTestTxTest     0x00015749   0x170  Code  Gb  ll_patch.o [4]
LL_Disconnect {Abs}     0x10005a39    0x66  Code  Gb  ble_rom_patch.symbols [2]
LL_DisconnectCback {Abs}
                        0x10009005    0x80  Code  Gb  ble_rom_patch.symbols [2]
LL_DoorbellErrorCback   0x0001d7c3    0x10  Code  Gb  ll_isr.o [4]
LL_ENC_AES128_Decrypt {Abs}
                        0x1000b639    0x40  Code  Gb  ble_rom_patch.symbols [2]
LL_ENC_AES128_Encrypt {Abs}
                        0x1000b5f5    0x42  Code  Gb  ble_rom_patch.symbols [2]
LL_ENC_Decrypt          0x0001b34b    0x9e  Code  Gb  ll_enc_patch.o [4]
LL_ENC_DecryptMsg {Abs}
                        0x1000b851   0x112  Code  Gb  ble_rom_patch.symbols [2]
LL_ENC_Encrypt          0x0001b2dd    0x6e  Code  Gb  ll_enc_patch.o [4]
LL_ENC_EncryptMsg {Abs}
                        0x1000b721   0x12e  Code  Gb  ble_rom_patch.symbols [2]
LL_ENC_GenDeviceIV {Abs}
                        0x1000b555    0x14  Code  Gb  ble_rom_patch.symbols [2]
LL_ENC_GenDeviceSKD {Abs}
                        0x1000b541    0x12  Code  Gb  ble_rom_patch.symbols [2]
LL_ENC_GenerateNonce {Abs}
                        0x1000b569    0x22  Code  Gb  ble_rom_patch.symbols [2]
LL_ENC_GeneratePseudoRandNum {Abs}
                        0x1000b50d    0x10  Code  Gb  ble_rom_patch.symbols [2]
LL_ENC_GenerateTrueRandNum {Abs}
                        0x1000b51d    0x22  Code  Gb  ble_rom_patch.symbols [2]
LL_ENC_Init {Abs}       0x1000b4c9    0x22  Code  Gb  ble_rom_patch.symbols [2]
LL_ENC_LoadKey {Abs}    0x1000b58d    0x68  Code  Gb  ble_rom_patch.symbols [2]
LL_ENC_ReverseBytes {Abs}
                        0x1000b4ed    0x1e  Code  Gb  ble_rom_patch.symbols [2]
LL_EXT_AdvEventNotice {Abs}
                        0x10007025    0x18  Code  Gb  ble_rom_patch.symbols [2]
LL_EXT_BuildRevision    0x000163b9    0x28  Code  Gb  ll_patch.o [4]
LL_EXT_ClkDivOnHalt {Abs}
                        0x10006b7d     0x4  Code  Gb  ble_rom_patch.symbols [2]
LL_EXT_ConnEventNotice  0x00016367    0x24  Code  Gb  ll_patch.o [4]
LL_EXT_DeclareNvUsage {Abs}
                        0x10006b81     0x4  Code  Gb  ble_rom_patch.symbols [2]
LL_EXT_Decrypt {Abs}    0x10006b85    0x20  Code  Gb  ble_rom_patch.symbols [2]
LL_EXT_DelaySleep {Abs}
                        0x100070a1    0x32  Code  Gb  ble_rom_patch.symbols [2]
LL_EXT_EndModemTest     0x000156ed    0x26  Code  Gb  ll_patch.o [4]
LL_EXT_ExtendRfRange {Abs}
                        0x1000701d     0x4  Code  Gb  ble_rom_patch.symbols [2]
LL_EXT_ExtendRfRangeCback {Abs}
                        0x1000a2ad    0x10  Code  Gb  ble_rom_patch.symbols [2]
LL_EXT_GetConnInfo      0x00015131    0xa2  Code  Gb  ll_patch.o [4]
LL_EXT_HaltDuringRf {Abs}
                        0x10007021     0x4  Code  Gb  ble_rom_patch.symbols [2]
LL_EXT_MapPmIoPort {Abs}
                        0x10006f49     0x4  Code  Gb  ble_rom_patch.symbols [2]
LL_EXT_ModemHopTestTx   0x0001551d    0x9a  Code  Gb  ll_patch.o [4]
LL_EXT_ModemTestRx      0x0001564d    0x70  Code  Gb  ll_patch.o [4]
LL_EXT_ModemTestTx      0x000155c9    0x7e  Code  Gb  ll_patch.o [4]
LL_EXT_NumComplPktsLimit
                        0x00016397    0x22  Code  Gb  ll_patch.o [4]
LL_EXT_OnePacketPerEvent {Abs}
                        0x10006b59    0x20  Code  Gb  ble_rom_patch.symbols [2]
LL_EXT_OverlappedProcessing {Abs}
                        0x10007109     0x4  Code  Gb  ble_rom_patch.symbols [2]
LL_EXT_PERbyChan {Abs}  0x10006fed    0x1e  Code  Gb  ble_rom_patch.symbols [2]
LL_EXT_PacketErrorRate {Abs}
                        0x10006f99    0x52  Code  Gb  ble_rom_patch.symbols [2]
LL_EXT_PacketErrorRateCback {Abs}
                        0x1000a259    0x52  Code  Gb  ble_rom_patch.symbols [2]
LL_EXT_ResetSystem {Abs}
                        0x100070d5    0x34  Code  Gb  ble_rom_patch.symbols [2]
LL_EXT_SaveFreqTune {Abs}
                        0x10006efd     0x4  Code  Gb  ble_rom_patch.symbols [2]
LL_EXT_SetBDADDR {Abs}  0x10006e01    0x82  Code  Gb  ble_rom_patch.symbols [2]
LL_EXT_SetFastTxResponseTime {Abs}
                        0x10006bc5    0x16  Code  Gb  ble_rom_patch.symbols [2]
LL_EXT_SetFreqTune {Abs}
                        0x10006ef9     0x4  Code  Gb  ble_rom_patch.symbols [2]
LL_EXT_SetLocalSupportedFeatures
                        0x000153bb    0x30  Code  Gb  ll_patch.o [4]
LL_EXT_SetMaxDtmTxPower
                        0x0001541b    0x12  Code  Gb  ll_patch.o [4]
LL_EXT_SetRxGain {Abs}  0x10006ad9     0xe  Code  Gb  ble_rom_patch.symbols [2]
LL_EXT_SetRxGainCback {Abs}
                        0x1000a201    0x10  Code  Gb  ble_rom_patch.symbols [2]
LL_EXT_SetSCA {Abs}     0x10006e85    0x74  Code  Gb  ble_rom_patch.symbols [2]
LL_EXT_SetSlaveLatencyOverride {Abs}
                        0x10006bdd    0x24  Code  Gb  ble_rom_patch.symbols [2]
LL_EXT_SetTxPower       0x000153f1    0x2a  Code  Gb  ll_patch.o [4]
LL_EXT_SetTxPowerCback {Abs}
                        0x1000a211    0x10  Code  Gb  ble_rom_patch.symbols [2]
LL_EncChangeCback {Abs}
                        0x1000933d    0x6a  Code  Gb  ble_rom_patch.symbols [2]
LL_EncKeyRefreshCback {Abs}
                        0x100093dd    0x6a  Code  Gb  ble_rom_patch.symbols [2]
LL_EncLtkNegReply       0x00015323    0x3c  Code  Gb  ll_patch.o [4]
LL_EncLtkReply          0x000152cd    0x46  Code  Gb  ll_patch.o [4]
LL_EncLtkReqCback {Abs}
                        0x1000925d    0xde  Code  Gb  ble_rom_patch.symbols [2]
LL_Encrypt {Abs}        0x100057d5    0x20  Code  Gb  ble_rom_patch.symbols [2]
LL_EnhancedConnectionCompleteCback
                        0x000167a9   0x1de  Code  Gb  hci_event_patch.o [4]
LL_GetNumActiveConns    0x0001630b     0xc  Code  Gb  ll_patch.o [4]
LL_Init                 0x00014b41   0x318  Code  Gb  ll_patch.o [4]
LL_LastCmdDoneCback     0x0001d7d5   0x30a  Code  Gb  ll_isr.o [4]
LL_NumEmptyWlEntries {Abs}
                        0x100057b9    0x14  Code  Gb  ble_rom_patch.symbols [2]
LL_PM_Enter_AES         0x0001a7a5    0x16  Code  Gb  ll_sleep.o [4]
LL_PM_Exit_AES          0x0001a7bb    0x12  Code  Gb  ll_sleep.o [4]
LL_PM_GetRfCoreState    0x0001a7a1     0x4  Code  Gb  ll_sleep.o [4]
LL_PM_PowerOffRfCore    0x0001a7e5     0x2  Code  Gb  ll_sleep.o [4]
LL_ProcessEvent         0x00014e89   0x17c  Code  Gb  ll_patch.o [4]
LL_PseudoRand {Abs}     0x10005801    0x2c  Code  Gb  ble_rom_patch.symbols [2]
LL_RX_bm_alloc {Abs}    0x1000556d    0x22  Code  Gb  ble_rom_patch.symbols [2]
LL_Rand {Abs}           0x100057f5     0xc  Code  Gb  ble_rom_patch.symbols [2]
LL_RandCback {Abs}      0x1000a1d5    0x2a  Code  Gb  ble_rom_patch.symbols [2]
LL_ReadAdvChanTxPower {Abs}
                        0x10006105    0x28  Code  Gb  ble_rom_patch.symbols [2]
LL_ReadBDADDR {Abs}     0x100056c9    0x20  Code  Gb  ble_rom_patch.symbols [2]
LL_ReadChanMap {Abs}    0x100059a1    0x34  Code  Gb  ble_rom_patch.symbols [2]
LL_ReadLocalSupportedFeatures {Abs}
                        0x10005879    0x24  Code  Gb  ble_rom_patch.symbols [2]
LL_ReadLocalVersionInfo {Abs}
                        0x1000589d    0x38  Code  Gb  ble_rom_patch.symbols [2]
LL_ReadRemoteUsedFeatures
                        0x0001535f    0x4c  Code  Gb  ll_patch.o [4]
LL_ReadRemoteUsedFeaturesCompleteCback
                        0x00016519    0x60  Code  Gb  hci_event_patch.o [4]
LL_ReadRemoteVersionInfo {Abs}
                        0x100058e9    0x6a  Code  Gb  ble_rom_patch.symbols [2]
LL_ReadRemoteVersionInfoCback {Abs}
                        0x100091e1    0x6a  Code  Gb  ble_rom_patch.symbols [2]
LL_ReadRssi             0x00016317    0x50  Code  Gb  ll_patch.o [4]
LL_ReadSupportedStates  0x000162af    0x5c  Code  Gb  ll_patch.o [4]
LL_ReadTxPowerLevel     0x00015433    0x3c  Code  Gb  ll_patch.o [4]
LL_ReadWlSize {Abs}     0x100057a1    0x16  Code  Gb  ble_rom_patch.symbols [2]
LL_RemoteConnParamReqCback
                        0x000166db    0x9a  Code  Gb  hci_event_patch.o [4]
LL_RemoteConnParamReqNegReply
                        0x00015aa9    0x3e  Code  Gb  ll_patch.o [4]
LL_RemoteConnParamReqReply
                        0x00015a25    0x84  Code  Gb  ll_patch.o [4]
LL_RemoveWhiteListDevice {Abs}
                        0x10005765    0x2c  Code  Gb  ble_rom_patch.symbols [2]
LL_Reset                0x0001501d   0x108  Code  Gb  ll_patch.o [4]
LL_RxDataCompleteCback  0x0001b405    0xa8  Code  Gb  hci_data_patch.o [4]
LL_RxEntryDoneCback     0x0001daf9   0x17c  Code  Gb  ll_isr.o [4]
LL_SetAdvControl        0x00015d05   0x106  Code  Gb  ll_patch.o [4]
LL_SetAdvData {Abs}     0x10005f89    0x40  Code  Gb  ble_rom_patch.symbols [2]
LL_SetAdvParam          0x00015bfd   0x104  Code  Gb  ll_patch.o [4]
LL_SetRandomAddress {Abs}
                        0x100056e9    0x2e  Code  Gb  ble_rom_patch.symbols [2]
LL_SetScanControl       0x00015e95    0x9a  Code  Gb  ll_patch.o [4]
LL_SetScanParam         0x00015e0b    0x8a  Code  Gb  ll_patch.o [4]
LL_SetScanRspData {Abs}
                        0x1000612d    0x46  Code  Gb  ble_rom_patch.symbols [2]
LL_StartEncrypt         0x000151e9    0xcc  Code  Gb  ll_patch.o [4]
LL_TX_bm_alloc {Abs}    0x10005549    0x22  Code  Gb  ble_rom_patch.symbols [2]
LL_TaskID {Abs}         0x20004c84     0x1  Data  Gb  ble_rom_patch.symbols [2]
LL_TxData               0x0001546f    0xa6  Code  Gb  ll_patch.o [4]
LL_TxEntryDoneCback     0x0001dadf    0x1a  Code  Gb  ll_isr.o [4]
MixColumns_Sw {Abs}     0x10016c79    0x8a  Code  Gb  ble_rom_patch.symbols [2]
NOROM_CPUcpsid          0x0001bcc5     0x8  Code  Gb  cpu.o [7]
NOROM_CPUcpsie          0x0001bccd     0x8  Code  Gb  cpu.o [7]
NOROM_FlashProgram      0x00016a9f     0xc  Code  Gb  flash.o [7]
NOROM_FlashSectorErase  0x00016a95     0xa  Code  Gb  flash.o [7]
NOROM_IntDisable        0x0001bd4b    0x4e  Code  Gb  interrupt.o [7]
NOROM_IntEnable         0x0001bcfd    0x4e  Code  Gb  interrupt.o [7]
NOROM_TRNGConfigure     0x0001a769    0x2c  Code  Gb  trng.o [7]
NOROM_VIMSModeGet       0x00016b9d     0xe  Code  Gb  vims.o [7]
NVOCOP_initNV           0x0000ddb1    0x42  Code  Gb  osal_snv_wrapper.o [1]
NVOCOP_readItem         0x0000ddf3    0x30  Code  Gb  osal_snv_wrapper.o [1]
NVOCOP_writeItem        0x0000de23    0xda  Code  Gb  osal_snv_wrapper.o [1]
NV_FLASH                0x0001e000  0x1000  Data  Gb  osal_snv_wrapper.o [1]
OSAL_timeSeconds        0x200047b0     0x4  Data  Gb  osal_clock.o [1]
Onboard_rand            0x0000e209    0x10  Code  Gb  onboard.o [1]
Onboard_soft_reset      0x0000e219     0x2  Code  Gb  onboard.o [1]
P1_ro_1 {Abs}           0x10005004  0x89e8   --   Gb  ble_rom_patch.symbols [2]
P1_ro_2 {Abs}           0x10019ffe           --   Gb  ble_rom_patch.symbols [2]
P1_ro_2_1 {Abs}         0x1000dffe           --   Gb  ble_rom_patch.symbols [2]
P2_rw {Abs}             0x20004f40           --   Gb  ble_rom_patch.symbols [2]
P2_zi_1 {Abs}           0x200048fc   0x630   --   Gb  ble_rom_patch.symbols [2]
PAGE_SIZE {Abs}         0x00001000          Data  Gb  command line/config [3]
R2F_Flash_JT            0x0001b5f4    0xa8  Data  Gb  rom_jt.o [1]
R2F_Flash_JT_CommonROM  0x0001bbb8    0x18  Data  Gb  rom_jt.o [1]
R2R_Flash_JT            0x0001b69c   0x51c  Data  Gb  rom_jt.o [1]
R2R_Flash_JT_CommonROM  0x0001bbd0    0xf4  Data  Gb  rom_jt.o [1]
RAM_BASE_ADDR {Abs}     0x200048e8           --   Gb  ble_rom_patch.symbols [2]
RFHAL_AddTxDataEntry    0x0001b1f3    0x60  Code  Gb  ble_patch.o [4]
RFHAL_AllocDataEntry {Abs}
                        0x100184f9    0x4e  Code  Gb  ble_rom_patch.symbols [2]
RFHAL_AllocDataEntryQueue {Abs}
                        0x100184a9    0x1a  Code  Gb  ble_rom_patch.symbols [2]
RFHAL_AllocRatChan {Abs}
                        0x10018315    0x26  Code  Gb  ble_rom_patch.symbols [2]
RFHAL_BuildDataEntryRingBuffer {Abs}
                        0x100185e1    0x7c  Code  Gb  ble_rom_patch.symbols [2]
RFHAL_BuildLinkedBuffer {Abs}
                        0x10018669    0x8e  Code  Gb  ble_rom_patch.symbols [2]
RFHAL_BuildRingBuffer {Abs}
                        0x10018551    0x90  Code  Gb  ble_rom_patch.symbols [2]
RFHAL_FreeDataEntry {Abs}
                        0x10018549     0x8  Code  Gb  ble_rom_patch.symbols [2]
RFHAL_FreeDataEntryQueue {Abs}
                        0x100184c5     0x8  Code  Gb  ble_rom_patch.symbols [2]
RFHAL_FreeNextTxDataEntry {Abs}
                        0x10018485    0x22  Code  Gb  ble_rom_patch.symbols [2]
RFHAL_FreeRatChan {Abs}
                        0x1001833d    0x2a  Code  Gb  ble_rom_patch.symbols [2]
RFHAL_GetNextDataEntry {Abs}
                        0x100184cd     0x4  Code  Gb  ble_rom_patch.symbols [2]
RFHAL_GetTempDataEntry {Abs}
                        0x100184d1     0x4  Code  Gb  ble_rom_patch.symbols [2]
RFHAL_InitDataQueue {Abs}
                        0x100183b9     0xc  Code  Gb  ble_rom_patch.symbols [2]
RFHAL_InitRfHal         0x0001b18f    0x64  Code  Gb  ble_patch.o [4]
RFHAL_MapRatChansToInt {Abs}
                        0x10018369    0x26  Code  Gb  ble_rom_patch.symbols [2]
RFHAL_NextDataEntryDone {Abs}
                        0x100184d5    0x24  Code  Gb  ble_rom_patch.symbols [2]
RFHAL_RegisterRatChanCallback {Abs}
                        0x10018391    0x26  Code  Gb  ble_rom_patch.symbols [2]
ROCODE$$Base            0x0000c260           --   Gb  - Linker created -
ROCODE$$Limit           0x0001dfbb           --   Gb  - Linker created -
ROM_BASE_ADDR {Abs}     0x10005001           --   Gb  ble_rom_patch.symbols [2]
ROM_Init                0x0001b58f    0x1c  Code  Gb  rom_jt.o [1]
ROM_Spinlock            0x0001b57b    0x14  Code  Gb  rom_jt.o [1]
ROSTK$$Base             0x0000c230           --   Gb  - Linker created -
ROSTK$$Limit            0x0001f000           --   Gb  - Linker created -
RWDATA$$Base            0x200043c8           --   Gb  - Linker created -
RWDATA$$Limit           0x200048e8           --   Gb  - Linker created -
Region$$Table$$Base     0x0001de1c           --   Gb  - Linker created -
Region$$Table$$Limit    0x0001de3c           --   Gb  - Linker created -
RoundKey_Sw {Abs}       0x10016b79    0xb0  Code  Gb  ble_rom_patch.symbols [2]
SM_CalcRandomAddr       0x000180d5    0x38  Code  Gb  sm_mgr.o [8]
SM_GenerateAuthenSig    0x00018383    0x9a  Code  Gb  sm_mgr.o [8]
SM_Init                 0x00018f01    0x1c  Code  Gb  sm_task.o [8]
SM_InitiatorInit        0x00016e19    0x1a  Code  Gb  sm_intpairing.o [8]
SM_PasskeyUpdate        0x00017977    0x7e  Code  Gb  sm_pairing.o [8]
SM_ProcessEvent         0x00018f1d    0xbc  Code  Gb  sm_task.o [8]
SM_ResolveRandomAddrs   0x0001810d    0x44  Code  Gb  sm_mgr.o [8]
[...]
numTxDataBufs {Abs}     0x20004c8b     0x1  Data  Gb  ble_rom_patch.symbols [2]
onePktPerEvt {Abs}      0x20004c86     0x1  Data  Gb  ble_rom_patch.symbols [2]
osalAddTimer            0x00013a2d    0x3c  Code  Gb  osal_timers.o [1]
osalAdjustTimer         0x00018bf5    0x4e  Code  Gb  osal_clock.o [1]
osalDeleteTimer         0x00013a7f     0x8  Code  Gb  osal_timers.o [1]
osalFindTimer           0x00013a69    0x16  Code  Gb  osal_timers.o [1]
osalInitTasks           0x00013d69    0x74  Code  Gb  osal_icall_ble.o [1]
osalTimerInit           0x00013a1d    0x10  Code  Gb  osal_timers.o [1]
osalTimerUpdate         0x00013b95    0xce  Code  Gb  osal_timers.o [1]
osal_CbTimerInit        0x00016bad    0x16  Code  Gb  osal_cbtimer.o [1]
osal_CbTimerProcessEvent
                        0x00016bc3    0x78  Code  Gb  osal_cbtimer.o [1]
osal_CbTimerStart       0x00016c3b     0x8  Code  Gb  osal_cbtimer.o [1]
osal_CbTimerStop        0x00016caf    0x52  Code  Gb  osal_cbtimer.o [1]
osal_CbTimerUpdate      0x00016c4b    0x64  Code  Gb  osal_cbtimer.o [1]
osal_alien2proxy        0x0000d2e5    0x2c  Code  Lc  osal.o [1]
osal_bm_adjust_header   0x0000f615    0x28  Code  Gb  osal_bufmgr.o [1]
osal_bm_alloc           0x0000f59d    0x2e  Code  Gb  osal_bufmgr.o [1]
osal_bm_free            0x0000f5cb    0x42  Code  Gb  osal_bufmgr.o [1]
osal_clear_event        0x0000d1f5    0x2c  Code  Gb  osal.o [1]
osal_dispatch_entities  0x200044f0     0x4  Data  Lc  osal.o [1]
osal_enroll_dispatchid  0x0000cf47    0x10  Code  Gb  osal.o [1]
osal_enroll_senderid    0x0000cf57     0xc  Code  Gb  osal.o [1]
osal_entity             0x200048d7     0x1  Data  Gb  osal.o [1]
osal_eventloop_hook     0x200044d8     0x4  Data  Gb  osal.o [1]
osal_get_timeoutEx      0x00013b63    0x22  Code  Gb  osal_timers.o [1]
osal_init_system        0x0000d227    0x64  Code  Gb  osal.o [1]
osal_isbufset           0x0000d4c7    0x20  Code  Gb  osal.o [1]
osal_last_timestamp     0x200047c4     0x4  Data  Gb  osal_timers.o [1]
osal_max_msecs          0x200044e4     0x4  Data  Gb  osal.o [1]
osal_mem_alloc          0x00013959    0x1a  Code  Gb  osal_memory_icall.o [1]
osal_mem_free           0x00013973    0x14  Code  Gb  osal_memory_icall.o [1]
osal_memcmp             0x0000cf13    0x1c  Code  Gb  osal.o [1]
osal_memcpy             0x0000cecb    0x14  Code  Gb  osal.o [1]
osal_memdup             0x0000cef7    0x1c  Code  Gb  osal.o [1]
osal_memset             0x0000cf2f    0x14  Code  Gb  osal.o [1]
osal_msec_timer_cback   0x0000d329    0x1c  Code  Lc  osal.o [1]
osal_msec_timer_seq     0x200044ec     0x4  Data  Lc  osal.o [1]
osal_msg_allocate       0x0000cf69    0x24  Code  Gb  osal.o [1]
osal_msg_deallocate     0x0000cf8d    0x1e  Code  Gb  osal.o [1]
osal_msg_enqueue        0x0000d0d1    0x24  Code  Gb  osal.o [1]
osal_msg_enqueue_push   0x0000d005    0x62  Code  Lc  osal.o [1]
osal_msg_extract        0x0000d11b    0x28  Code  Gb  osal.o [1]
osal_msg_push           0x0000d101    0x1a  Code  Gb  osal.o [1]
osal_msg_receive        0x0000d067    0x62  Code  Gb  osal.o [1]
osal_msg_send           0x0000cfab    0x5a  Code  Gb  osal.o [1]
osal_next_timeout       0x00013c63    0x1c  Code  Gb  osal_timers.o [1]
osal_notask_entity      0x200044d1     0x1  Data  Lc  osal.o [1]
osal_proxy2alien        0x0000d311    0x16  Code  Lc  osal.o [1]
osal_proxy_tasks        0x200044d2     0x2  Data  Lc  osal.o [1]
osal_pwrmgr_init        0x00013cbb     0xc  Code  Gb  osal_pwrmgr.o [1]
osal_pwrmgr_task_state  0x00013cc7    0x5c  Code  Gb  osal_pwrmgr.o [1]
osal_qHead              0x200044d4     0x4  Data  Gb  osal.o [1]
osal_rand               0x0000cf43     0x4  Code  Gb  osal.o [1]
osal_revmemcpy          0x0000cedf    0x18  Code  Gb  osal.o [1]
osal_run_system         0x0000d373   0x14a  Code  Gb  osal.o [1]
osal_semaphore          0x200044dc     0x4  Data  Gb  osal.o [1]
osal_service_entry      0x0000d34f    0x24  Code  Gb  osal.o [1]
osal_set_event          0x0000d157    0x9e  Code  Gb  osal.o [1]
osal_snv_init           0x0000e1c1     0x4  Code  Gb  osal_snv_wrapper.o [1]
osal_snv_read           0x0000e1c5    0x20  Code  Gb  osal_snv_wrapper.o [1]
osal_snv_write          0x0000e1e5    0x1c  Code  Gb  osal_snv_wrapper.o [1]
osal_start_reload_timer
                        0x00013b05    0x2a  Code  Gb  osal_timers.o [1]
osal_start_system       0x0000d293    0x52  Code  Gb  osal.o [1]
osal_start_timerEx      0x00013ad5    0x30  Code  Gb  osal_timers.o [1]
osal_stop_timerEx       0x00013b39    0x2a  Code  Gb  osal_timers.o [1]
osal_strlen             0x0000cec7     0x4  Code  Gb  osal.o [1]
osal_systemClock        0x200047c8     0x4  Data  Lc  osal_timers.o [1]
osal_tickperiod         0x200044e0     0x4  Data  Gb  osal.o [1]
osal_timer_refTimeUpdate
                        0x00013a87    0x4e  Code  Gb  osal_timers.o [1]
osal_timerid_msec_timer
                        0x200044e8     0x4  Data  Lc  osal.o [1]
ownPublicAddr {Abs}     0x20004c6c     0x8  Data  Gb  ble_rom_patch.symbols [2]
ownRandomAddr {Abs}     0x20004c74     0x8  Data  Gb  ble_rom_patch.symbols [2]
ownSavedPublicAddr {Abs}
                        0x20004c7c     0x8  Data  Gb  ble_rom_patch.symbols [2]
pAttrValue              0x20004804     0x4  Data  Lc  gattservapp.o [8]
pAuthLink               0x20004584     0x4  Data  Gb  gap_linkmgr.o [8]
pBleEvtMask             0x20004888     0x8  Data  Gb  hci_event_patch.o [4]
pEstLink                0x20004580     0x4  Data  Gb  gap_linkmgr.o [8]
pGapAdData              0x20004620     0x4  Data  Lc  gap_peridevmgr.o [8]
pGapAdvTokens           0x2000461c     0x4  Data  Lc  gap_peridevmgr.o [8]
pGapAdvertState         0x200047e0     0x4  Data  Gb  gap_devmgr.o [8]
pGapDiscReq             0x200047dc     0x4  Data  Gb  gap_devmgr.o [8]
pGapScanRecs            0x2000460c     0x4  Data  Lc  gap_centdevmgr.o [8]
pGapScanRspData         0x20004624     0x4  Data  Lc  gap_peridevmgr.o [8]
pHciEvtMask {Abs}       0x20004f00     0x8  Data  Gb  ble_rom_patch.symbols [2]
pHciEvtMask2            0x20004890     0x8  Data  Gb  hci_event_patch.o [4]
pPairingParams          0x200048c8     0x4  Data  Gb  sm_pairing.o [8]
pServiceList            0x20004660     0x4  Data  Lc  gatt_server.o [8]
patchBleRfe             0x00014654   0x4ec  Data  Lc  ll_patch.o [4]
patchImageBle           0x000144c4   0x13c  Data  Lc  ll_patch.o [4]
peerInfo {Abs}          0x20004c9c     0xc  Data  Gb  ble_rom_patch.symbols [2]
periConnParamCharProps  0x20004754     0x1  Data  Lc  gapgattserver.o [8]
periConnParamUUID       0x0001bcf8     0x2  Data  Gb  gatt_uuid.o [8]
periConnParameters      0x20004664     0x8  Data  Lc  gapgattserver.o [8]
pfnBondMgrCBs           0x200047d8     0x4  Data  Gb  gap_task.o [8]
pfnCentralCBs           0x20004644     0x4  Data  Lc  gap_task.o [8]
pfnCentralConnCBs       0x20004588     0x4  Data  Gb  gap_linkmgr.o [8]
pfnClientProcessMsgCB   0x20004810     0x4  Data  Lc  gatt_task.o [8]
pfnInitiatorCBs         0x200048d0     0x4  Data  Lc  sm_pairing.o [8]
pfnPeripheralCBs        0x20004640     0x4  Data  Gb  gap_task.o [8]
pfnPeripheralConnCBs    0x200047d4     0x4  Data  Gb  gap_linkmgr.o [8]
pfnResponderCBs         0x200048cc     0x4  Data  Gb  sm_pairing.o [8]
pfnServerProcessMsgCB   0x2000480c     0x4  Data  Lc  gatt_task.o [8]
pgOff                   0x2000474a     0x2  Data  Lc  osal_snv_wrapper.o [1]
postRfOperations {Abs}  0x20004cbe     0x2  Data  Gb  ble_rom_patch.symbols [2]
prepareWritesTbl        0x20004800     0x4  Data  Lc  gattservapp.o [8]
primaryServiceUUID      0x0001bcdc     0x2  Data  Gb  gatt_uuid.o [8]
processDispMsg          0x0000ccb5   0x17a  Code  Lc  ble_dispatch.o [1]
processICallGAP         0x0000caff   0x1b6  Code  Lc  ble_dispatch.o [1]
processICallGATT        0x0000c995   0x16a  Code  Lc  ble_dispatch.o [1]
processICallHost        0x0000c4e5    0x9e  Code  Lc  ble_dispatch.o [1]
processICallLL          0x0000c583   0x296  Code  Lc  ble_dispatch.o [1]
processICallUTIL        0x0000c88d    0xb6  Code  Lc  ble_dispatch.o [1]
pwrmgr_attribute        0x200047bc     0x4  Data  Gb  osal_pwrmgr.o [1]
pwrmgr_initialized      0x200047b8     0x1  Data  Gb  osal_pwrmgr.o [1]
ratChanInfo {Abs}       0x20004fac    0x20  Data  Gb  ble_rom_patch.symbols [2]
reqTaskId               0x20004751     0x1  Data  Gb  gatt_server.o [8]
rfCallback              0x0001d799    0x2a  Code  Gb  ll_isr.o [4]
rfCfgAdiVal {Abs}       0x20004c94     0x2  Data  Gb  ble_rom_patch.symbols [2]
rfCfgVal                0x0000c2a4     0x4  Data  Gb  ll_config.o [4]
rfCmdHandle             0x200043d4     0x2  Data  Gb  ll_patch.o [4]
rfDrvTblPtr             0x200043dc     0x4  Data  Gb  ll_patch.o [4]
rfEvent                 0x20004758     0x8  Data  Gb  ll_patch.o [4]
rfFeModeBias            0x200043cd     0x1  Data  Gb  ll_patch.o [4]
rfHandle                0x200043d8     0x4  Data  Gb  ll_patch.o [4]
rfMode                  0x200043f4    0x10  Data  Gb  ll_patch.o [4]
rfObject                0x20004430    0x98  Data  Gb  ll_patch.o [4]
rfOpLoc                 0x0000c2c0     0x4  Data  Gb  ll_config.o [4]
rfPUpCallback           0x0001d78d     0xc  Code  Gb  ll_isr.o [4]
rfParams                0x20004404    0x14  Data  Gb  ll_patch.o [4]
rfSetup                 0x20004418    0x18  Data  Gb  ll_patch.o [4]
rf_patch_cpe_ble        0x0001448d    0x38  Code  Lc  ll_patch.o [4]
rf_patch_rfe_ble        0x00014601    0x52  Code  Lc  ll_patch.o [4]
rsp                     0x200047e4    0x18  Data  Lc  gattservapp.o [8]
rspBuf                  0x20004760    0x38  Data  Gb  ble_dispatch.o [1]
rssiCorrection {Abs}    0x20004cc0     0x1  Data  Gb  ble_rom_patch.symbols [2]
rxDataQ {Abs}           0x20004f0c     0x4  Data  Gb  ble_rom_patch.symbols [2]
rxFifoFlowCtrl {Abs}    0x20004c8a     0x1  Data  Gb  ble_rom_patch.symbols [2]
rxModemTestCmd {Abs}    0x20004e40    0x18  Data  Gb  ble_rom_patch.symbols [2]
rxPktSuffix             0x0000c2a8     0x4  Data  Gb  ll_config.o [4]
rxRingBuf {Abs}         0x20004f10     0x4  Data  Gb  ble_rom_patch.symbols [2]
rxTestOut {Abs}         0x20004ec4     0xc  Data  Gb  ble_rom_patch.symbols [2]
rxTestParam {Abs}       0x20004e84    0x14  Data  Gb  ble_rom_patch.symbols [2]
scanCmd {Abs}           0x20004df8    0x18  Data  Gb  ble_rom_patch.symbols [2]
scanInfo {Abs}          0x20004d94    0x1c  Data  Gb  ble_rom_patch.symbols [2]
scanInfoExt             0x200043d0     0x4  Data  Gb  ll_patch.o [4]
scanParam {Abs}         0x20004d14    0x24  Data  Gb  ble_rom_patch.symbols [2]
scanPktSuffix           0x0000c2b0     0x4  Data  Gb  ll_config.o [4]
sclkSrc                 0x200043f0     0x4  Data  Gb  ll_patch.o [4]
secondaryServiceUUID    0x0001bce0     0x2  Data  Gb  gatt_uuid.o [8]
sendAuthEvent           0x00012adf    0xe0  Code  Lc  gap_linkmgr.o [8]
sendEstLinkEvent        0x000129fd    0x5c  Code  Gb  gap_linkmgr.o [8]
sendGapCmdStatus        0x0000c819    0x4e  Code  Lc  ble_dispatch.o [1]
sendTerminateEvent      0x00012a59    0x28  Code  Lc  gap_linkmgr.o [8]
serverInfoTbl           0x20004818     0x4  Data  Gb  gatt_server.o [8]
serviceCBsList          0x20004808     0x4  Data  Lc  gattservapp.o [8]
setActivePage           0x0000df09    0x10  Code  Lc  osal_snv_wrapper.o [1]
setBleUserConfig        0x00018fe9    0x74  Code  Gb  ble_user_config.o [1]
setXferPage             0x0000df19     0xa  Code  Lc  osal_snv_wrapper.o [1]
setupInitiatorKeys      0x00017135    0x6a  Code  Lc  sm_intpairing.o [8]
slOverride {Abs}        0x20004c89     0x1  Data  Gb  ble_rom_patch.symbols [2]
slaveConnHandle         0x2000457c     0x2  Data  Gb  gap_linkmgr.o [8]
slaveUpdateReq          0x20004574     0x8  Data  Gb  gap_linkmgr.o [8]
sleepDelay {Abs}        0x20004c96     0x2  Data  Gb  ble_rom_patch.symbols [2]
smAuthReqToUint8        0x0001830d    0x2e  Code  Gb  sm_mgr.o [8]
smDetermineKeySize      0x00017ff5    0x22  Code  Gb  sm_pairing.o [8]
smEncrypt               0x00018377     0x8  Code  Lc  sm_mgr.o [8]
smEncryptLocal          0x0001837f     0x4  Code  Lc  sm_mgr.o [8]
smEndPairing            0x00017fc5    0x30  Code  Gb  sm_pairing.o [8]
smFreePairingParams     0x00017f7b    0x4a  Code  Lc  sm_pairing.o [8]
smGenerateConfirm       0x00017d37    0x18  Code  Gb  sm_pairing.o [8]
smGeneratePairingReqRsp
                        0x00017d0b    0x2c  Code  Gb  sm_pairing.o [8]
smGenerateRandBuf       0x000182e3    0x2a  Code  Gb  sm_mgr.o [8]
smGenerateRandMsg       0x00017d4f    0x16  Code  Gb  sm_pairing.o [8]
smInitiatorCBs          0x20004718     0xc  Data  Lc  sm_intpairing.o [8]
smInitiatorSendNextKeyInfo
                        0x000171a1   0x1b8  Code  Lc  sm_intpairing.o [8]
smLinkCheck             0x00017a05    0x22  Code  Gb  sm_pairing.o [8]
smNextPairingState      0x00017bcd    0x30  Code  Gb  sm_pairing.o [8]
smPairingSendEncInfo    0x00017f19     0x6  Code  Gb  sm_pairing.o [8]
smPairingSendIdentityAddrInfo
                        0x00017f51    0x24  Code  Gb  sm_pairing.o [8]
smPairingSendIdentityInfo
                        0x00017f47     0x4  Code  Gb  sm_pairing.o [8]
smPairingSendMasterID   0x00017f1f    0x28  Code  Gb  sm_pairing.o [8]
smPairingSendSigningInfo
                        0x00017f75     0x6  Code  Gb  sm_pairing.o [8]
smProcessDataMsg        0x00017a2d    0xd4  Code  Gb  sm_pairing.o [8]
smProcessEncryptChange  0x00017b1d    0xb0  Code  Gb  sm_pairing.o [8]
smProcessPairingReq     0x00017c9b    0x56  Code  Gb  sm_pairing.o [8]
smRegisterInitiator     0x000179f5     0x8  Code  Gb  sm_pairing.o [8]
smRegisterResponder     0x000179fd     0x8  Code  Gb  sm_pairing.o [8]
smResponderCBs          0x20004724    0x10  Data  Lc  sm_rsppairing.o [8]
smResponderProcessLTKReq
                        0x00017393    0xc2  Code  Lc  sm_rsppairing.o [8]
smResponderSendNextKeyInfo
                        0x000176f9   0x1de  Code  Lc  sm_rsppairing.o [8]
smSavePairInfo          0x00017d79   0x1a0  Code  Gb  sm_pairing.o [8]
smSendFailAndEnd        0x00017b01    0x1c  Code  Gb  sm_pairing.o [8]
smSendFailureEvt        0x00018085    0x2c  Code  Gb  sm_pairing.o [8]
smSendSMMsg             0x00018a4f    0x4a  Code  Gb  smp.o [8]
smSetPairingReqRsp      0x00018017    0x40  Code  Lc  sm_pairing.o [8]
smStartEncryption       0x00017cf1    0x1a  Code  Gb  sm_pairing.o [8]
smStartRspTimer         0x00018163    0x1c  Code  Gb  sm_mgr.o [8]
smStopRspTimer          0x0001817f     0xa  Code  Gb  sm_mgr.o [8]
smTaskID                0x200048e3     0x1  Data  Gb  sm_task.o [8]
smTimedOut              0x00017a27     0x4  Code  Gb  sm_pairing.o [8]
smUint8ToAuthReq        0x0001833b    0x3c  Code  Gb  sm_mgr.o [8]
sm_CMAC                 0x000184f7   0x1ba  Code  Lc  sm_mgr.o [8]
sm_ah                   0x0001819b    0x26  Code  Lc  sm_mgr.o [8]
sm_c1                   0x00017bfd    0x9e  Code  Gb  sm_pairing.o [8]
sm_c1new                0x000181d5    0xb8  Code  Gb  sm_mgr.o [8]
sm_s1                   0x000182a3    0x20  Code  Gb  sm_mgr.o [8]
sm_xor                  0x0001828d    0x16  Code  Lc  sm_mgr.o [8]
smpBuildEncInfo         0x0001891d    0x12  Code  Gb  smp.o [8]
smpBuildIdentityAddrInfo
                        0x0001899f    0x1e  Code  Gb  smp.o [8]
smpBuildIdentityInfo    0x0001898d    0x12  Code  Gb  smp.o [8]
smpBuildMasterID        0x00018945    0x24  Code  Gb  smp.o [8]
smpBuildPairingConfirm  0x00018887    0x12  Code  Gb  smp.o [8]
smpBuildPairingFailed   0x000188e7    0x18  Code  Gb  smp.o [8]
smpBuildPairingRandom   0x000188af    0x10  Code  Gb  smp.o [8]
smpBuildPairingReq      0x000186fd     0x8  Code  Gb  smp.o [8]
smpBuildPairingReqRsp   0x0001870b    0xa8  Code  Gb  smp.o [8]
smpBuildPairingRsp      0x00018705     0x6  Code  Gb  smp.o [8]
smpBuildSecurityReq     0x00018a17    0x1c  Code  Gb  smp.o [8]
smpBuildSigningInfo     0x000189ef    0x12  Code  Gb  smp.o [8]
smpInitiatorProcessIncoming
                        0x00016e89   0x1e0  Code  Lc  sm_intpairing.o [8]
smpInitiatorProcessPairingRsp
                        0x00017071    0xb8  Code  Lc  sm_intpairing.o [8]
smpParseEncInfo         0x0001892f    0x16  Code  Gb  smp.o [8]
smpParseIdentityAddrInfo
                        0x000189d3    0x1c  Code  Gb  smp.o [8]
smpParseIdentityInfo    0x000189bd    0x16  Code  Gb  smp.o [8]
smpParseMasterID        0x00018969    0x24  Code  Gb  smp.o [8]
smpParsePairingConfirm  0x00018899    0x16  Code  Gb  smp.o [8]
smpParsePairingFailed   0x000188ff    0x1e  Code  Gb  smp.o [8]
smpParsePairingRandom   0x000188d1    0x16  Code  Gb  smp.o [8]
smpParsePairingReq      0x000187b3    0xd4  Code  Gb  smp.o [8]
smpParseSecurityReq     0x00018a33    0x1c  Code  Gb  smp.o [8]
smpParseSigningInfo     0x00018a01    0x16  Code  Gb  smp.o [8]
smpResponderProcessIncoming
                        0x00017461   0x1f2  Code  Lc  sm_rsppairing.o [8]
smpResponderSendPairRspEvent
                        0x0001765b    0x92  Code  Lc  sm_rsppairing.o [8]
sspAesDecrypt_Sw {Abs}  0x10016d29    0x78  Code  Gb  ble_rom_patch.symbols [2]
sspAesEncryptBasic_Sw {Abs}
                        0x10016af5    0x62  Code  Gb  ble_rom_patch.symbols [2]
sspAesEncryptKeyExp_Sw {Abs}
                        0x10016a99    0x4e  Code  Gb  ble_rom_patch.symbols [2]
sspAesEncrypt_Sw {Abs}  0x10016979     0xc  Code  Gb  ble_rom_patch.symbols [2]
sspKeyExpansion_Sw {Abs}
                        0x10016985   0x114  Code  Gb  ble_rom_patch.symbols [2]
ssp_KeyInit_Sw {Abs}    0x10016975     0x2  Code  Gb  ble_rom_patch.symbols [2]
stack_main              0x00013ddd    0x50  Code  Gb  osal_icall_ble.o [1]
startup_entry           0x0000c231    0x30  Code  Gb  icall_startup.o [1]
strlen                  0x00013921          Code  Gb  strlen.o [9]
supportedCmdsTable      0x0000dd6c    0x44  Data  Gb  hci_patch.o [4]
taskEndAction {Abs}     0x20004cc4     0x4  Data  Gb  ble_rom_patch.symbols [2]
taskEndStatus {Abs}     0x20004f0a     0x2  Data  Gb  ble_rom_patch.symbols [2]
tasksArr                0x0000c260    0x24  Data  Gb  osal_icall_ble.o [1]
tasksCnt                0x0000c284     0x1  Data  Gb  osal_icall_ble.o [1]
tasksEvents             0x200047b4     0x4  Data  Gb  osal_icall_ble.o [1]
terminateAllTaskID      0x20004570     0x1  Data  Lc  gap_linkmgr.o [8]
terminateReason         0x20004571     0x1  Data  Lc  gap_linkmgr.o [8]
timeMSec                0x200047ac     0x4  Data  Lc  osal_clock.o [1]
timerHead               0x200047c0     0x4  Data  Gb  osal_timers.o [1]
trngDrvTblPtr           0x200043e4     0x4  Data  Gb  ll_patch.o [4]
trxTestCmd {Abs}        0x20004e28    0x18  Data  Gb  ble_rom_patch.symbols [2]
txDataQ {Abs}           0x20004f1c     0x4  Data  Gb  ble_rom_patch.symbols [2]
txModemTestCmd {Abs}    0x20004d78    0x1c  Data  Gb  ble_rom_patch.symbols [2]
txPowerTable            0x0000c298     0x4  Data  Gb  ll_config.o [4]
txPwrTbl                0x0000c29c     0x8  Data  Gb  ll_config.o [4]
txTestOut {Abs}         0x20004f20     0x4  Data  Gb  ble_rom_patch.symbols [2]
txTestParam {Abs}       0x20004ea8    0x10  Data  Gb  ble_rom_patch.symbols [2]
verInfo {Abs}           0x20004c8c     0x8  Data  Gb  ble_rom_patch.symbols [2]
wlSize                  0x0000c2b8     0x1  Data  Gb  ll_config.o [4]
wlTable {Abs}           0x20004a8c    0x84  Data  Gb  ble_rom_patch.symbols [2]
wlTableScan {Abs}       0x20004b10    0x84  Data  Gb  ble_rom_patch.symbols [2]
writeWord               0x0000e0f3    0x70  Code  Lc  osal_snv_wrapper.o [1]
xor_128                 0x000186bf    0x14  Code  Lc  sm_mgr.o [8]


[1] = C:\ti\simplelink\ble_sdk_2_02_01_18\examples\cc2650iot\gait_sensor_master_V1.0\iar\stack\FlashROM\Obj
[2] = C:\ti\simplelink\ble_sdk_2_02_01_18\src\rom\ble_rom_releases\04242014
[3] = command line
[4] = cc2640_ctrl_pcxx_41c.a
[5] = cc26xx_hci_tl_none_v41.a
[6] = dl7M_tln.a
[7] = driverlib.lib
[8] = host_pcxx.a
[9] = rt7M_tl.a

  72 534 bytes of readonly  code memory
   4 661 bytes of readonly  data memory
   1 309 bytes of readwrite data memory

Errors: none
Warnings: none
